Feb 18 17:28:19 servera systemd[1]: rsyslog.service: Sent signal SIGHUP to main process 744 (rsyslogd) on client request.
Feb 18 17:28:19 servera systemd[1]: logrotate.service: Deactivated successfully.
Feb 18 17:28:19 servera systemd[1]: Finished Rotate log files.
Feb 18 17:28:19 servera systemd[1]: Started Authorization Manager.
Feb 18 17:28:19 servera systemd[1]: Starting firewalld - dynamic firewall daemon...
Feb 18 17:28:22 servera systemd[1]: Started firewalld - dynamic firewall daemon.
Feb 18 17:28:22 servera systemd[1]: Reached target Preparation for Network.
Feb 18 17:28:22 servera systemd[1]: Starting Network Manager...
Feb 18 17:28:23 servera NetworkManager[770]: <info>  [1708295303.0680] NetworkManager (version 1.36.0-4.el9_0) is starting... (for the first time)
Feb 18 17:28:23 servera NetworkManager[770]: <info>  [1708295303.0686] Read config: /etc/NetworkManager/NetworkManager.conf
Feb 18 17:28:23 servera NetworkManager[770]: <info>  [1708295303.0974] bus-manager: acquired D-Bus service "org.freedesktop.NetworkManager"
Feb 18 17:28:23 servera systemd[1]: Started Network Manager.
Feb 18 17:28:23 servera systemd[1]: Reached target Network.
Feb 18 17:28:23 servera systemd[1]: Starting Network Manager Wait Online...
Feb 18 17:28:23 servera systemd[1]: Starting GSSAPI Proxy Daemon...
Feb 18 17:28:23 servera systemd[1]: Starting Enable periodic update of entitlement certificates....
Feb 18 17:28:23 servera systemd[1]: Starting OpenSSH server daemon...
Feb 18 17:28:23 servera systemd[1]: Starting Dynamic System Tuning Daemon...
Feb 18 17:28:23 servera systemd[1]: Started Enable periodic update of entitlement certificates..
Feb 18 17:28:23 servera NetworkManager[770]: <info>  [1708295303.9147] manager[0x563c6bb10040]: monitoring kernel firmware directory '/lib/firmware'.
Feb 18 17:28:24 servera systemd[1]: Starting Hostname Service...
Feb 18 17:28:24 servera systemd[1]: Started GSSAPI Proxy Daemon.
Feb 18 17:28:24 servera systemd[1]: RPC security service for NFS client and server was skipped because of a failed condition check (ConditionPathExists=/etc/krb5.keytab).
Feb 18 17:28:24 servera systemd[1]: Reached target NFS client services.
Feb 18 17:28:24 servera systemd[1]: Reached target Preparation for Remote File Systems.
Feb 18 17:28:24 servera systemd[1]: Reached target Remote File Systems.
Feb 18 17:28:24 servera systemd[1]: Starting Permit User Sessions...
Feb 18 17:28:24 servera NetworkManager[770]: <info>  [1708295304.8370] hostname: hostname: using hostnamed
Feb 18 17:28:24 servera NetworkManager[770]: <info>  [1708295304.8373] hostname: static hostname changed from (none) to "servera.lab.example.com"
Feb 18 17:28:24 servera systemd[1]: Started OpenSSH server daemon.
Feb 18 17:28:24 servera systemd[1]: Finished Permit User Sessions.
Feb 18 17:28:24 servera systemd[1]: Started Hostname Service.
Feb 18 17:28:24 servera systemd[1]: Started Deferred execution scheduler.
Feb 18 17:28:24 servera systemd[1]: Started Command Scheduler.
Feb 18 17:28:24 servera NetworkManager[770]: <info>  [1708295304.9278] dns-mgr[0x563c6baed250]: init: dns=default,systemd-resolved rc-manager=immutable
Feb 18 17:28:25 servera systemd[1]: Listening on Load/Save RF Kill Switch Status /dev/rfkill Watch.
Feb 18 17:28:25 servera NetworkManager[770]: <info>  [1708295305.2470] manager[0x563c6bb10040]: rfkill: Wi-Fi hardware radio set enabled
Feb 18 17:28:25 servera NetworkManager[770]: <info>  [1708295305.2486] manager[0x563c6bb10040]: rfkill: WWAN hardware radio set enabled
Feb 18 17:28:25 servera NetworkManager[770]: <info>  [1708295305.3404] Loaded device plugin: NMTeamFactory (/usr/lib64/NetworkManager/1.36.0-4.el9_0/libnm-device-plugin-team.so)
Feb 18 17:28:25 servera NetworkManager[770]: <info>  [1708295305.3405] manager: rfkill: Wi-Fi enabled by radio killswitch; enabled by state file
Feb 18 17:28:25 servera NetworkManager[770]: <info>  [1708295305.3424] manager: rfkill: WWAN enabled by radio killswitch; enabled by state file
Feb 18 17:28:25 servera NetworkManager[770]: <info>  [1708295305.3425] manager: Networking is enabled by state file
Feb 18 17:28:25 servera NetworkManager[770]: <info>  [1708295305.3567] settings: Loaded settings plugin: keyfile (internal)
Feb 18 17:28:25 servera NetworkManager[770]: <info>  [1708295305.3700] settings: Loaded settings plugin: ifcfg-rh ("/usr/lib64/NetworkManager/1.36.0-4.el9_0/libnm-settings-plugin-ifcfg-rh.so")
Feb 18 17:28:25 servera NetworkManager[770]: <info>  [1708295305.3827] dhcp-init: Using DHCP client 'internal'
Feb 18 17:28:25 servera NetworkManager[770]: <info>  [1708295305.3830] device (lo): carrier: link connected
Feb 18 17:28:25 servera NetworkManager[770]: <info>  [1708295305.3843] manager: (lo): new Generic device (/org/freedesktop/NetworkManager/Devices/1)
Feb 18 17:28:25 servera NetworkManager[770]: <info>  [1708295305.3867] manager: (eth0): new Ethernet device (/org/freedesktop/NetworkManager/Devices/2)
Feb 18 17:28:25 servera NetworkManager[770]: <info>  [1708295305.3876] device (eth0): state change: unmanaged -> unavailable (reason 'managed', sys-iface-state: 'external')
Feb 18 17:28:25 servera NetworkManager[770]: <info>  [1708295305.4493] device (eth0): carrier: link connected
Feb 18 17:28:25 servera NetworkManager[770]: <info>  [1708295305.4523] manager: (eth1): new Ethernet device (/org/freedesktop/NetworkManager/Devices/3)
Feb 18 17:28:25 servera NetworkManager[770]: <info>  [1708295305.4544] settings: (eth1): created default wired connection 'Wired connection 2'
Feb 18 17:28:25 servera NetworkManager[770]: <info>  [1708295305.4544] device (eth1): state change: unmanaged -> unavailable (reason 'managed', sys-iface-state: 'external')
Feb 18 17:28:25 servera NetworkManager[770]: <info>  [1708295305.4730] device (eth1): carrier: link connected
Feb 18 17:28:25 servera NetworkManager[770]: <info>  [1708295305.4757] device (eth0): state change: unavailable -> disconnected (reason 'none', sys-iface-state: 'managed')
Feb 18 17:28:25 servera NetworkManager[770]: <info>  [1708295305.5047] device (eth1): state change: unavailable -> disconnected (reason 'none', sys-iface-state: 'managed')
Feb 18 17:28:25 servera systemd[1]: Starting Network Manager Script Dispatcher Service...
Feb 18 17:28:25 servera NetworkManager[770]: <info>  [1708295305.5345] policy: auto-activating connection 'Wired connection 1' (e79b8202-1aaf-341a-ad02-d3f0d332d2d2)
Feb 18 17:28:25 servera NetworkManager[770]: <info>  [1708295305.5354] policy: auto-activating connection 'Wired connection 2' (b37f1f40-fd83-377d-a189-762c497c2835)
Feb 18 17:28:25 servera NetworkManager[770]: <info>  [1708295305.5356] device (eth0): Activation: starting connection 'Wired connection 1' (e79b8202-1aaf-341a-ad02-d3f0d332d2d2)
Feb 18 17:28:25 servera NetworkManager[770]: <info>  [1708295305.5357] device (eth1): Activation: starting connection 'Wired connection 2' (b37f1f40-fd83-377d-a189-762c497c2835)
Feb 18 17:28:25 servera NetworkManager[770]: <info>  [1708295305.5357] device (eth0): state change: disconnected -> prepare (reason 'none', sys-iface-state: 'managed')
Feb 18 17:28:25 servera NetworkManager[770]: <info>  [1708295305.5360] manager: NetworkManager state is now CONNECTING
Feb 18 17:28:25 servera NetworkManager[770]: <info>  [1708295305.5360] device (eth0): state change: prepare -> config (reason 'none', sys-iface-state: 'managed')
Feb 18 17:28:25 servera NetworkManager[770]: <info>  [1708295305.5376] device (eth1): state change: disconnected -> prepare (reason 'none', sys-iface-state: 'managed')
Feb 18 17:28:25 servera NetworkManager[770]: <info>  [1708295305.5377] device (eth1): state change: prepare -> config (reason 'none', sys-iface-state: 'managed')
Feb 18 17:28:25 servera systemd[1]: Started Network Manager Script Dispatcher Service.
Feb 18 17:28:26 servera systemd[1]: Started Dynamic System Tuning Daemon.
Feb 18 17:28:28 servera systemd[1]: mlocate-updatedb.service: Deactivated successfully.
Feb 18 17:28:29 servera NetworkManager[770]: <info>  [1708295309.2825] device (eth0): state change: config -> ip-config (reason 'none', sys-iface-state: 'managed')
Feb 18 17:28:29 servera NetworkManager[770]: <info>  [1708295309.2956] device (eth1): state change: config -> ip-config (reason 'none', sys-iface-state: 'managed')
Feb 18 17:28:29 servera NetworkManager[770]: <info>  [1708295309.3005] dhcp4 (eth1): activation: beginning transaction (timeout in 45 seconds)
Feb 18 17:28:29 servera NetworkManager[770]: <info>  [1708295309.3095] device (eth0): state change: ip-config -> ip-check (reason 'none', sys-iface-state: 'managed')
Feb 18 17:28:29 servera NetworkManager[770]: <info>  [1708295309.3146] policy: set 'Wired connection 1' (eth0) as default for IPv4 routing and DNS
Feb 18 17:28:29 servera NetworkManager[770]: <info>  [1708295309.3195] device (eth0): state change: ip-check -> secondaries (reason 'none', sys-iface-state: 'managed')
Feb 18 17:28:29 servera NetworkManager[770]: <info>  [1708295309.3196] device (eth0): state change: secondaries -> activated (reason 'none', sys-iface-state: 'managed')
Feb 18 17:28:29 servera NetworkManager[770]: <info>  [1708295309.3200] device (eth0): Activation: successful, device activated.
Feb 18 17:28:29 servera NetworkManager[770]: <info>  [1708295309.3207] manager: NetworkManager state is now CONNECTED_GLOBAL
Feb 18 17:28:33 servera chronyd[756]: Selected source 172.25.254.254
Feb 18 17:28:33 servera chronyd[756]: System clock wrong by 0.561271 seconds
Feb 18 17:28:39 servera systemd[1]: NetworkManager-dispatcher.service: Deactivated successfully.
Feb 18 17:28:54 servera systemd[1]: systemd-hostnamed.service: Deactivated successfully.
Feb 18 17:29:15 servera NetworkManager[770]: <info>  [1708295355.0300] device (eth1): state change: ip-config -> failed (reason 'ip-config-unavailable', sys-iface-state: 'managed')
Feb 18 17:29:15 servera NetworkManager[770]: <warn>  [1708295355.0398] device (eth1): Activation: failed for connection 'Wired connection 2'
Feb 18 17:29:15 servera NetworkManager[770]: <info>  [1708295355.0417] device (eth1): state change: failed -> disconnected (reason 'none', sys-iface-state: 'managed')
Feb 18 17:29:15 servera NetworkManager[770]: <info>  [1708295355.0638] dhcp4 (eth1): canceled DHCP transaction
Feb 18 17:29:15 servera NetworkManager[770]: <info>  [1708295355.0820] policy: auto-activating connection 'Wired connection 2' (b37f1f40-fd83-377d-a189-762c497c2835)
Feb 18 17:29:15 servera NetworkManager[770]: <info>  [1708295355.0897] device (eth1): Activation: starting connection 'Wired connection 2' (b37f1f40-fd83-377d-a189-762c497c2835)
Feb 18 17:29:15 servera NetworkManager[770]: <info>  [1708295355.0950] device (eth1): state change: disconnected -> prepare (reason 'none', sys-iface-state: 'managed')
Feb 18 17:29:15 servera NetworkManager[770]: <info>  [1708295355.0979] device (eth1): state change: prepare -> config (reason 'none', sys-iface-state: 'managed')
Feb 18 17:29:15 servera NetworkManager[770]: <info>  [1708295355.1567] device (eth1): state change: config -> ip-config (reason 'none', sys-iface-state: 'managed')
Feb 18 17:29:15 servera NetworkManager[770]: <info>  [1708295355.1597] dhcp4 (eth1): activation: beginning transaction (timeout in 45 seconds)
Feb 18 17:29:24 servera systemd[1]: NetworkManager-wait-online.service: Main process exited, code=exited, status=1/FAILURE
Feb 18 17:29:24 servera systemd[1]: NetworkManager-wait-online.service: Failed with result 'exit-code'.
Feb 18 17:29:24 servera systemd[1]: Failed to start Network Manager Wait Online.
Feb 18 17:29:24 servera systemd[1]: Reached target Network is Online.
Feb 18 17:29:24 servera systemd[1]: Run Insights Client at boot was skipped because of a failed condition check (ConditionPathExists=/etc/insights-client/.run_insights_client_next_boot).
Feb 18 17:29:24 servera systemd[1]: Starting /etc/rc.d/rc.local Compatibility...
Feb 18 17:29:24 servera systemd[1]: Starting Notify NFS peers of a restart...
Feb 18 17:29:24 servera sm-notify[1021]: Version 2.5.4 starting
Feb 18 17:29:24 servera systemd[1]: Started Notify NFS peers of a restart.
Feb 18 17:29:24 servera rc.local[1022]: Starting configuration of eth0...
Feb 18 17:29:24 servera NetworkManager[770]: <info>  [1708295364.8100] agent-manager: agent[bbf63c597f5c9978,:1.11/nmcli-connect/0]: agent registered
Feb 18 17:29:24 servera NetworkManager[770]: <info>  [1708295364.8126] device (eth0): state change: activated -> deactivating (reason 'new-activation', sys-iface-state: 'managed')
Feb 18 17:29:24 servera NetworkManager[770]: <info>  [1708295364.8129] manager: NetworkManager state is now CONNECTING
Feb 18 17:29:24 servera NetworkManager[770]: <info>  [1708295364.8249] device (eth0): disconnecting for new activation request.
Feb 18 17:29:24 servera systemd[1]: Starting Network Manager Script Dispatcher Service...
Feb 18 17:29:24 servera NetworkManager[770]: <info>  [1708295364.8656] audit: op="connection-activate" uuid="e79b8202-1aaf-341a-ad02-d3f0d332d2d2" name="Wired connection 1" pid=1038 uid=0 result="success"
Feb 18 17:29:24 servera systemd[1]: Started Network Manager Script Dispatcher Service.
Feb 18 17:29:24 servera NetworkManager[770]: <info>  [1708295364.9358] device (eth0): state change: deactivating -> disconnected (reason 'new-activation', sys-iface-state: 'managed')
Feb 18 17:29:24 servera NetworkManager[770]: <info>  [1708295364.9629] device (eth0): Activation: starting connection 'Wired connection 1' (e79b8202-1aaf-341a-ad02-d3f0d332d2d2)
Feb 18 17:29:24 servera NetworkManager[770]: <info>  [1708295364.9750] device (eth0): state change: disconnected -> prepare (reason 'none', sys-iface-state: 'managed')
Feb 18 17:29:24 servera NetworkManager[770]: <info>  [1708295364.9816] device (eth0): state change: prepare -> config (reason 'none', sys-iface-state: 'managed')
Feb 18 17:29:24 servera NetworkManager[770]: <info>  [1708295364.9928] device (eth0): state change: config -> ip-config (reason 'none', sys-iface-state: 'managed')
Feb 18 17:29:25 servera NetworkManager[770]: <info>  [1708295365.0028] device (eth0): state change: ip-config -> ip-check (reason 'none', sys-iface-state: 'managed')
Feb 18 17:29:25 servera NetworkManager[770]: <info>  [1708295365.0110] policy: set 'Wired connection 1' (eth0) as default for IPv4 routing and DNS
Feb 18 17:29:25 servera NetworkManager[770]: <info>  [1708295365.0178] device (eth0): state change: ip-check -> secondaries (reason 'none', sys-iface-state: 'managed')
Feb 18 17:29:25 servera NetworkManager[770]: <info>  [1708295365.0189] device (eth0): state change: secondaries -> activated (reason 'none', sys-iface-state: 'managed')
Feb 18 17:29:25 servera NetworkManager[770]: <info>  [1708295365.0266] manager: NetworkManager state is now CONNECTED_SITE
Feb 18 17:29:25 servera NetworkManager[770]: <info>  [1708295365.0269] device (eth0): Activation: successful, device activated.
Feb 18 17:29:25 servera NetworkManager[770]: <info>  [1708295365.0307] manager: NetworkManager state is now CONNECTED_GLOBAL
Feb 18 17:29:25 servera NetworkManager[770]: <info>  [1708295365.2159] device (eth0): state change: activated -> deactivating (reason 'user-requested', sys-iface-state: 'managed')
Feb 18 17:29:25 servera NetworkManager[770]: <info>  [1708295365.2268] manager: NetworkManager state is now CONNECTING
Feb 18 17:29:25 servera NetworkManager[770]: <info>  [1708295365.2316] audit: op="device-disconnect" interface="eth0" ifindex=2 pid=1062 uid=0 result="success"
Feb 18 17:29:25 servera NetworkManager[770]: <info>  [1708295365.2328] device (eth0): state change: deactivating -> disconnected (reason 'user-requested', sys-iface-state: 'managed')
Feb 18 17:29:25 servera rc.local[1062]: Device 'eth0' successfully disconnected.
Feb 18 17:29:25 servera NetworkManager[770]: <info>  [1708295365.4797] device (eth1): state change: ip-config -> deactivating (reason 'user-requested', sys-iface-state: 'managed')
Feb 18 17:29:25 servera NetworkManager[770]: <info>  [1708295365.4799] manager: NetworkManager state is now DISCONNECTING
Feb 18 17:29:25 servera NetworkManager[770]: <info>  [1708295365.4819] manager: startup complete
Feb 18 17:29:25 servera NetworkManager[770]: <info>  [1708295365.4826] audit: op="device-disconnect" interface="eth1" ifindex=3 pid=1072 uid=0 result="success"
Feb 18 17:29:25 servera NetworkManager[770]: <info>  [1708295365.4840] device (eth1): state change: deactivating -> disconnected (reason 'user-requested', sys-iface-state: 'managed')
Feb 18 17:29:25 servera NetworkManager[770]: <info>  [1708295365.5008] dhcp4 (eth1): canceled DHCP transaction
Feb 18 17:29:25 servera rc.local[1072]: Device 'eth1' successfully disconnected.
Feb 18 17:29:25 servera NetworkManager[770]: <info>  [1708295365.5600] manager: NetworkManager state is now DISCONNECTED
Feb 18 17:29:25 servera chronyd[756]: Can't synchronise: no selectable sources
Feb 18 17:29:25 servera chronyd[756]: Source 172.25.254.254 offline
Feb 18 17:29:25 servera rc.local[1022]: hostnamectl set-hostname serverb.lab.example.com
Feb 18 17:29:25 servera systemd[1]: Starting Hostname Service...
Feb 18 17:29:26 servera systemd[1]: Started Hostname Service.
Feb 18 17:29:26 servera systemd-hostnamed[1103]: Hostname set to <serverb.lab.example.com> (static)
Feb 18 17:29:26 servera NetworkManager[770]: <info>  [1708295366.0658] hostname: static hostname changed from "servera.lab.example.com" to "serverb.lab.example.com"
Feb 18 17:29:26 servera NetworkManager[770]: <info>  [1708295366.0660] policy: set-hostname: current hostname was changed outside NetworkManager: 'serverb.lab.example.com'
Feb 18 17:29:26 servera NetworkManager[770]: <info>  [1708295366.1870] audit: op="connection-update" uuid="e79b8202-1aaf-341a-ad02-d3f0d332d2d2" name="Wired connection 1" args="connection.timestamp" pid=1117 uid=0 result="success"
Feb 18 17:29:26 servera NetworkManager[770]: <info>  [1708295366.3037] audit: op="connection-update" uuid="e79b8202-1aaf-341a-ad02-d3f0d332d2d2" name="Wired connection 1" pid=1125 uid=0 result="success"
Feb 18 17:29:26 servera NetworkManager[770]: <info>  [1708295366.4229] audit: op="connection-update" uuid="e79b8202-1aaf-341a-ad02-d3f0d332d2d2" name="Wired connection 1" pid=1132 uid=0 result="success"
Feb 18 17:29:26 servera NetworkManager[770]: <info>  [1708295366.4980] audit: op="connection-update" uuid="e79b8202-1aaf-341a-ad02-d3f0d332d2d2" name="Wired connection 1" args="ipv4.addresses" pid=1136 uid=0 result="success"
Feb 18 17:29:26 servera NetworkManager[770]: <info>  [1708295366.5665] audit: op="connection-update" uuid="e79b8202-1aaf-341a-ad02-d3f0d332d2d2" name="Wired connection 1" pid=1140 uid=0 result="success"
Feb 18 17:29:26 servera NetworkManager[770]: <info>  [1708295366.6368] audit: op="connection-update" uuid="e79b8202-1aaf-341a-ad02-d3f0d332d2d2" name="Wired connection 1" args="ipv4.dns" pid=1144 uid=0 result="success"
Feb 18 17:29:26 servera NetworkManager[770]: <info>  [1708295366.7838] audit: op="connection-update" uuid="e79b8202-1aaf-341a-ad02-d3f0d332d2d2" name="Wired connection 1" pid=1148 uid=0 result="success"
Feb 18 17:29:26 servera NetworkManager[770]: <info>  [1708295366.8506] audit: op="connection-update" uuid="e79b8202-1aaf-341a-ad02-d3f0d332d2d2" name="Wired connection 1" pid=1152 uid=0 result="success"
Feb 18 17:29:26 servera NetworkManager[770]: <info>  [1708295366.8839] audit: op="connections-reload" pid=1156 uid=0 result="success"
Feb 18 17:29:26 servera NetworkManager[770]: <info>  [1708295366.9580] agent-manager: agent[0ee34c4d05ce078b,:1.28/nmcli-connect/0]: agent registered
Feb 18 17:29:26 servera NetworkManager[770]: <info>  [1708295366.9600] device (eth0): Activation: starting connection 'Wired connection 1' (e79b8202-1aaf-341a-ad02-d3f0d332d2d2)
Feb 18 17:29:26 servera NetworkManager[770]: <info>  [1708295366.9607] audit: op="connection-activate" uuid="e79b8202-1aaf-341a-ad02-d3f0d332d2d2" name="Wired connection 1" pid=1164 uid=0 result="success"
Feb 18 17:29:26 servera NetworkManager[770]: <info>  [1708295366.9609] device (eth0): state change: disconnected -> prepare (reason 'none', sys-iface-state: 'managed')
Feb 18 17:29:26 servera NetworkManager[770]: <info>  [1708295366.9617] manager: NetworkManager state is now CONNECTING
Feb 18 17:29:26 servera NetworkManager[770]: <info>  [1708295366.9619] device (eth0): state change: prepare -> config (reason 'none', sys-iface-state: 'managed')
Feb 18 17:29:26 servera NetworkManager[770]: <info>  [1708295366.9716] device (eth0): state change: config -> ip-config (reason 'none', sys-iface-state: 'managed')
Feb 18 17:29:26 servera NetworkManager[770]: <info>  [1708295366.9767] device (eth0): state change: ip-config -> ip-check (reason 'none', sys-iface-state: 'managed')
Feb 18 17:29:26 servera NetworkManager[770]: <info>  [1708295366.9810] policy: set-hostname: current hostname was changed outside NetworkManager: 'serverb.lab.example.com'
Feb 18 17:29:26 servera NetworkManager[770]: <info>  [1708295366.9829] policy: set 'Wired connection 1' (eth0) as default for IPv4 routing and DNS
Feb 18 17:29:26 servera NetworkManager[770]: <info>  [1708295366.9840] policy: set-hostname: current hostname was changed outside NetworkManager: 'serverb.lab.example.com'
Feb 18 17:29:26 servera NetworkManager[770]: <info>  [1708295366.9878] device (eth0): state change: ip-check -> secondaries (reason 'none', sys-iface-state: 'managed')
Feb 18 17:29:26 servera NetworkManager[770]: <info>  [1708295366.9888] policy: set-hostname: current hostname was changed outside NetworkManager: 'serverb.lab.example.com'
Feb 18 17:29:26 servera NetworkManager[770]: <info>  [1708295366.9897] device (eth0): state change: secondaries -> activated (reason 'none', sys-iface-state: 'managed')
Feb 18 17:29:26 servera rc.local[1022]: rht-vmsetup-ifcfg done
Feb 18 17:29:27 servera NetworkManager[770]: <info>  [1708295367.0426] manager: NetworkManager state is now CONNECTED_SITE
Feb 18 17:29:27 servera NetworkManager[770]: <info>  [1708295367.0440] policy: set-hostname: current hostname was changed outside NetworkManager: 'serverb.lab.example.com'
Feb 18 17:29:27 servera NetworkManager[770]: <info>  [1708295367.0457] device (eth0): Activation: successful, device activated.
Feb 18 17:29:27 servera NetworkManager[770]: <info>  [1708295367.0618] manager: NetworkManager state is now CONNECTED_GLOBAL
Feb 18 17:29:27 servera rc.local[1171]: Starting download of student specific variables/keys...
Feb 18 17:29:27 servera chronyd[756]: Source 172.25.254.254 online
Feb 18 17:29:27 servera chronyd[756]: Selected source 172.25.254.254
Feb 18 17:29:27 servera rc.local[1171]: rht-vmsetup-getkeys done
Feb 18 17:29:27 servera rc.local[1194]: 3: eth1: <BROADCAST,MULTICAST,UP,LOWER_UP> mtu 1500 qdisc fq_codel state UP group default qlen 1000
Feb 18 17:29:27 servera NetworkManager[770]: <info>  [1708295367.6170] agent-manager: agent[6bd51e342a0bec5d,:1.29/nmcli-connect/0]: agent registered
Feb 18 17:29:27 servera NetworkManager[770]: <info>  [1708295367.6196] device (eth1): Activation: starting connection 'Wired connection 2' (b37f1f40-fd83-377d-a189-762c497c2835)
Feb 18 17:29:27 servera NetworkManager[770]: <info>  [1708295367.6198] audit: op="connection-activate" uuid="b37f1f40-fd83-377d-a189-762c497c2835" name="Wired connection 2" pid=1195 uid=0 result="success"
Feb 18 17:29:27 servera NetworkManager[770]: <info>  [1708295367.6199] device (eth1): state change: disconnected -> prepare (reason 'none', sys-iface-state: 'managed')
Feb 18 17:29:27 servera NetworkManager[770]: <info>  [1708295367.6207] device (eth1): state change: prepare -> config (reason 'none', sys-iface-state: 'managed')
Feb 18 17:29:27 servera NetworkManager[770]: <info>  [1708295367.6588] device (eth1): state change: config -> ip-config (reason 'none', sys-iface-state: 'managed')
Feb 18 17:29:27 servera NetworkManager[770]: <info>  [1708295367.6610] dhcp4 (eth1): activation: beginning transaction (timeout in 45 seconds)
Feb 18 17:29:27 servera NetworkManager[770]: <info>  [1708295367.6740] policy: set-hostname: current hostname was changed outside NetworkManager: 'serverb.lab.example.com'
Feb 18 17:29:28 servera NetworkManager[770]: <info>  [1708295368.8676] policy: set-hostname: current hostname was changed outside NetworkManager: 'serverb.lab.example.com'
Feb 18 17:29:28 servera NetworkManager[770]: <info>  [1708295368.9329] policy: set-hostname: current hostname was changed outside NetworkManager: 'serverb.lab.example.com'
Feb 18 17:29:37 servera systemd[1]: NetworkManager-dispatcher.service: Deactivated successfully.
Feb 18 17:29:56 servera systemd[1]: systemd-hostnamed.service: Deactivated successfully.
Feb 18 17:30:13 servera NetworkManager[770]: <info>  [1708295413.0411] device (eth1): state change: ip-config -> failed (reason 'ip-config-unavailable', sys-iface-state: 'managed')
Feb 18 17:30:13 servera rc.local[1195]: Error: Connection activation failed: (5) IP configuration could not be reserved (no available address, timeout, etc.).
Feb 18 17:30:13 servera NetworkManager[770]: <warn>  [1708295413.0501] device (eth1): Activation: failed for connection 'Wired connection 2'
Feb 18 17:30:13 servera NetworkManager[770]: <info>  [1708295413.0505] device (eth1): state change: failed -> disconnected (reason 'none', sys-iface-state: 'managed')
Feb 18 17:30:13 servera systemd[1]: Started /etc/rc.d/rc.local Compatibility.
Feb 18 17:30:13 servera systemd[1]: Starting Hold until boot process finishes up...
Feb 18 17:30:13 servera systemd[1]: Starting Terminate Plymouth Boot Screen...
Feb 18 17:30:13 servera NetworkManager[770]: <info>  [1708295413.0741] dhcp4 (eth1): canceled DHCP transaction
Feb 18 17:30:13 servera NetworkManager[770]: <info>  [1708295413.0750] policy: set-hostname: current hostname was changed outside NetworkManager: 'serverb.lab.example.com'
Feb 18 17:30:13 servera NetworkManager[770]: <info>  [1708295413.0753] policy: auto-activating connection 'Wired connection 2' (b37f1f40-fd83-377d-a189-762c497c2835)
Feb 18 17:30:13 servera NetworkManager[770]: <info>  [1708295413.0758] device (eth1): Activation: starting connection 'Wired connection 2' (b37f1f40-fd83-377d-a189-762c497c2835)
Feb 18 17:30:13 servera NetworkManager[770]: <info>  [1708295413.0760] device (eth1): state change: disconnected -> prepare (reason 'none', sys-iface-state: 'managed')
Feb 18 17:30:13 servera NetworkManager[770]: <info>  [1708295413.0763] device (eth1): state change: prepare -> config (reason 'none', sys-iface-state: 'managed')
Feb 18 17:30:13 servera systemd[1]: Received SIGRTMIN+21 from PID 458 (plymouthd).
Feb 18 17:30:13 servera NetworkManager[770]: <info>  [1708295413.0815] device (eth1): state change: config -> ip-config (reason 'none', sys-iface-state: 'managed')
Feb 18 17:30:13 servera NetworkManager[770]: <info>  [1708295413.0820] dhcp4 (eth1): activation: beginning transaction (timeout in 45 seconds)
Feb 18 17:30:13 servera NetworkManager[770]: <info>  [1708295413.0826] policy: set-hostname: current hostname was changed outside NetworkManager: 'serverb.lab.example.com'
Feb 18 17:30:13 servera systemd[1]: Received SIGRTMIN+21 from PID 458 (plymouthd).
Feb 18 17:30:13 servera systemd[1]: Finished Hold until boot process finishes up.
Feb 18 17:30:13 servera systemd[1]: Started Getty on tty1.
Feb 18 17:30:13 servera systemd[1]: Started Serial Getty on ttyS0.
Feb 18 17:30:13 servera systemd[1]: Reached target Login Prompts.
Feb 18 17:30:13 servera systemd[1]: Finished Terminate Plymouth Boot Screen.
Feb 18 17:30:13 servera systemd[1]: Reached target Multi-User System.
Feb 18 17:30:13 servera systemd[1]: Starting Record Runlevel Change in UTMP...
Feb 18 17:30:13 servera systemd[1]: systemd-update-utmp-runlevel.service: Deactivated successfully.
Feb 18 17:30:13 servera systemd[1]: Finished Record Runlevel Change in UTMP.
Feb 18 17:30:13 servera systemd[1]: Startup finished in 25.582s (kernel) + 12.951s (initrd) + 2min 5.544s (userspace) = 2min 44.077s.
Feb 18 17:30:15 servera NetworkManager[770]: <info>  [1708295415.0710] policy: set-hostname: current hostname was changed outside NetworkManager: 'serverb.lab.example.com'
Feb 18 17:30:58 servera NetworkManager[770]: <info>  [1708295458.0364] device (eth1): state change: ip-config -> failed (reason 'ip-config-unavailable', sys-iface-state: 'managed')
Feb 18 17:30:58 servera NetworkManager[770]: <warn>  [1708295458.0376] device (eth1): Activation: failed for connection 'Wired connection 2'
Feb 18 17:30:58 servera NetworkManager[770]: <info>  [1708295458.0379] device (eth1): state change: failed -> disconnected (reason 'none', sys-iface-state: 'managed')
Feb 18 17:30:58 servera NetworkManager[770]: <info>  [1708295458.0431] dhcp4 (eth1): canceled DHCP transaction
Feb 18 17:30:58 servera NetworkManager[770]: <info>  [1708295458.0439] policy: set-hostname: current hostname was changed outside NetworkManager: 'serverb.lab.example.com'
Feb 18 17:30:58 servera NetworkManager[770]: <info>  [1708295458.0441] policy: auto-activating connection 'Wired connection 2' (b37f1f40-fd83-377d-a189-762c497c2835)
Feb 18 17:30:58 servera NetworkManager[770]: <info>  [1708295458.0445] device (eth1): Activation: starting connection 'Wired connection 2' (b37f1f40-fd83-377d-a189-762c497c2835)
Feb 18 17:30:58 servera NetworkManager[770]: <info>  [1708295458.0446] device (eth1): state change: disconnected -> prepare (reason 'none', sys-iface-state: 'managed')
Feb 18 17:30:58 servera NetworkManager[770]: <info>  [1708295458.0448] device (eth1): state change: prepare -> config (reason 'none', sys-iface-state: 'managed')
Feb 18 17:30:58 servera NetworkManager[770]: <info>  [1708295458.0481] device (eth1): state change: config -> ip-config (reason 'none', sys-iface-state: 'managed')
Feb 18 17:30:58 servera NetworkManager[770]: <info>  [1708295458.0485] dhcp4 (eth1): activation: beginning transaction (timeout in 45 seconds)
Feb 18 17:30:58 servera NetworkManager[770]: <info>  [1708295458.0490] policy: set-hostname: current hostname was changed outside NetworkManager: 'serverb.lab.example.com'
Feb 18 17:30:59 servera NetworkManager[770]: <info>  [1708295459.5504] policy: set-hostname: current hostname was changed outside NetworkManager: 'serverb.lab.example.com'
Feb 18 17:31:29 servera systemd[1]: Created slice User Slice of UID 0.
Feb 18 17:31:29 servera systemd[1]: Starting User Runtime Directory /run/user/0...
Feb 18 17:31:29 servera systemd-logind[745]: New session 1 of user root.
Feb 18 17:31:29 servera systemd[1]: Finished User Runtime Directory /run/user/0.
Feb 18 17:31:29 servera systemd[1]: Starting User Manager for UID 0...
Feb 18 17:31:29 servera systemd[1211]: Queued start job for default target Main User Target.
Feb 18 17:31:29 servera systemd[1211]: Created slice User Application Slice.
Feb 18 17:31:29 servera systemd[1211]: Mark boot as successful after the user session has run 2 minutes was skipped because of a failed condition check (ConditionUser=!@system).
Feb 18 17:31:29 servera systemd[1211]: Started Daily Cleanup of User's Temporary Directories.
Feb 18 17:31:29 servera systemd[1211]: Reached target Paths.
Feb 18 17:31:29 servera systemd[1211]: Reached target Timers.
Feb 18 17:31:29 servera systemd[1211]: Starting D-Bus User Message Bus Socket...
Feb 18 17:31:29 servera systemd[1211]: Starting Create User's Volatile Files and Directories...
Feb 18 17:31:29 servera systemd[1211]: Listening on D-Bus User Message Bus Socket.
Feb 18 17:31:29 servera systemd[1211]: Reached target Sockets.
Feb 18 17:31:29 servera systemd[1211]: Finished Create User's Volatile Files and Directories.
Feb 18 17:31:29 servera systemd[1211]: Reached target Basic System.
Feb 18 17:31:29 servera systemd[1]: Started User Manager for UID 0.
Feb 18 17:31:29 servera systemd[1]: Started Session 1 of User root.
Feb 18 17:31:29 servera systemd[1211]: Reached target Main User Target.
Feb 18 17:31:29 servera systemd[1211]: Startup finished in 63ms.
Feb 18 17:31:30 servera systemd-logind[745]: Session 1 logged out. Waiting for processes to exit.
Feb 18 17:31:30 servera systemd[1]: session-1.scope: Deactivated successfully.
Feb 18 17:31:30 servera systemd-logind[745]: Removed session 1.
Feb 18 17:31:40 servera systemd[1]: Stopping User Manager for UID 0...
Feb 18 17:31:40 servera systemd[1211]: Activating special unit Exit the Session...
Feb 18 17:31:40 servera systemd[1211]: Stopped target Main User Target.
Feb 18 17:31:40 servera systemd[1211]: Stopped target Basic System.
Feb 18 17:31:40 servera systemd[1211]: Stopped target Paths.
Feb 18 17:31:40 servera systemd[1211]: Stopped target Sockets.
Feb 18 17:31:40 servera systemd[1211]: Stopped target Timers.
Feb 18 17:31:40 servera systemd[1211]: Stopped Daily Cleanup of User's Temporary Directories.
Feb 18 17:31:40 servera systemd[1211]: Closed D-Bus User Message Bus Socket.
Feb 18 17:31:40 servera systemd[1211]: Stopped Create User's Volatile Files and Directories.
Feb 18 17:31:40 servera systemd[1211]: Removed slice User Application Slice.
Feb 18 17:31:40 servera systemd[1211]: Reached target Shutdown.
Feb 18 17:31:40 servera systemd[1211]: Finished Exit the Session.
Feb 18 17:31:40 servera systemd[1211]: Reached target Exit the Session.
Feb 18 17:31:40 servera systemd[1]: user@0.service: Deactivated successfully.
Feb 18 17:31:40 servera systemd[1]: Stopped User Manager for UID 0.
Feb 18 17:31:40 servera systemd[1]: Stopping User Runtime Directory /run/user/0...
Feb 18 17:31:40 servera systemd[1]: run-user-0.mount: Deactivated successfully.
Feb 18 17:31:40 servera systemd[1]: user-runtime-dir@0.service: Deactivated successfully.
Feb 18 17:31:40 servera systemd[1]: Stopped User Runtime Directory /run/user/0.
Feb 18 17:31:40 servera systemd[1]: Removed slice User Slice of UID 0.
Feb 18 17:31:43 servera NetworkManager[770]: <info>  [1708295503.0304] device (eth1): state change: ip-config -> failed (reason 'ip-config-unavailable', sys-iface-state: 'managed')
Feb 18 17:31:43 servera NetworkManager[770]: <warn>  [1708295503.0318] device (eth1): Activation: failed for connection 'Wired connection 2'
Feb 18 17:31:43 servera NetworkManager[770]: <info>  [1708295503.0321] device (eth1): state change: failed -> disconnected (reason 'none', sys-iface-state: 'managed')
Feb 18 17:31:43 servera NetworkManager[770]: <info>  [1708295503.0392] dhcp4 (eth1): canceled DHCP transaction
Feb 18 17:31:43 servera NetworkManager[770]: <info>  [1708295503.0400] policy: set-hostname: current hostname was changed outside NetworkManager: 'serverb.lab.example.com'
Feb 18 17:36:43 servera NetworkManager[770]: <info>  [1708295803.0604] policy: auto-activating connection 'Wired connection 2' (b37f1f40-fd83-377d-a189-762c497c2835)
Feb 18 17:36:43 servera NetworkManager[770]: <info>  [1708295803.0613] device (eth1): Activation: starting connection 'Wired connection 2' (b37f1f40-fd83-377d-a189-762c497c2835)
Feb 18 17:36:43 servera NetworkManager[770]: <info>  [1708295803.0616] device (eth1): state change: disconnected -> prepare (reason 'none', sys-iface-state: 'managed')
Feb 18 17:36:43 servera NetworkManager[770]: <info>  [1708295803.0618] device (eth1): state change: prepare -> config (reason 'none', sys-iface-state: 'managed')
Feb 18 17:36:43 servera NetworkManager[770]: <info>  [1708295803.0654] device (eth1): state change: config -> ip-config (reason 'none', sys-iface-state: 'managed')
Feb 18 17:36:43 servera NetworkManager[770]: <info>  [1708295803.0657] dhcp4 (eth1): activation: beginning transaction (timeout in 45 seconds)
Feb 18 17:36:43 servera NetworkManager[770]: <info>  [1708295803.0662] policy: set-hostname: current hostname was changed outside NetworkManager: 'serverb.lab.example.com'
Feb 18 17:36:44 servera NetworkManager[770]: <info>  [1708295804.1269] policy: set-hostname: current hostname was changed outside NetworkManager: 'serverb.lab.example.com'
Feb 18 17:37:28 servera NetworkManager[770]: <info>  [1708295848.0314] device (eth1): state change: ip-config -> failed (reason 'ip-config-unavailable', sys-iface-state: 'managed')
Feb 18 17:37:28 servera NetworkManager[770]: <warn>  [1708295848.0330] device (eth1): Activation: failed for connection 'Wired connection 2'
Feb 18 17:37:28 servera NetworkManager[770]: <info>  [1708295848.0334] device (eth1): state change: failed -> disconnected (reason 'none', sys-iface-state: 'managed')
Feb 18 17:37:28 servera NetworkManager[770]: <info>  [1708295848.0392] dhcp4 (eth1): canceled DHCP transaction
Feb 18 17:37:28 servera NetworkManager[770]: <info>  [1708295848.0400] policy: set-hostname: current hostname was changed outside NetworkManager: 'serverb.lab.example.com'
Feb 18 17:37:28 servera NetworkManager[770]: <info>  [1708295848.0403] policy: auto-activating connection 'Wired connection 2' (b37f1f40-fd83-377d-a189-762c497c2835)
Feb 18 17:37:28 servera NetworkManager[770]: <info>  [1708295848.0407] device (eth1): Activation: starting connection 'Wired connection 2' (b37f1f40-fd83-377d-a189-762c497c2835)
Feb 18 17:37:28 servera NetworkManager[770]: <info>  [1708295848.0407] device (eth1): state change: disconnected -> prepare (reason 'none', sys-iface-state: 'managed')
Feb 18 17:37:28 servera NetworkManager[770]: <info>  [1708295848.0410] device (eth1): state change: prepare -> config (reason 'none', sys-iface-state: 'managed')
Feb 18 17:37:28 servera NetworkManager[770]: <info>  [1708295848.0444] device (eth1): state change: config -> ip-config (reason 'none', sys-iface-state: 'managed')
Feb 18 17:37:28 servera NetworkManager[770]: <info>  [1708295848.0448] dhcp4 (eth1): activation: beginning transaction (timeout in 45 seconds)
Feb 18 17:37:28 servera NetworkManager[770]: <info>  [1708295848.0454] policy: set-hostname: current hostname was changed outside NetworkManager: 'serverb.lab.example.com'
Feb 18 17:37:29 servera NetworkManager[770]: <info>  [1708295849.3748] policy: set-hostname: current hostname was changed outside NetworkManager: 'serverb.lab.example.com'
Feb 18 17:38:13 servera NetworkManager[770]: <info>  [1708295893.0409] device (eth1): state change: ip-config -> failed (reason 'ip-config-unavailable', sys-iface-state: 'managed')
Feb 18 17:38:13 servera NetworkManager[770]: <warn>  [1708295893.0434] device (eth1): Activation: failed for connection 'Wired connection 2'
Feb 18 17:38:13 servera NetworkManager[770]: <info>  [1708295893.0437] device (eth1): state change: failed -> disconnected (reason 'none', sys-iface-state: 'managed')
Feb 18 17:38:13 servera NetworkManager[770]: <info>  [1708295893.0491] dhcp4 (eth1): canceled DHCP transaction
Feb 18 17:38:13 servera NetworkManager[770]: <info>  [1708295893.0498] policy: set-hostname: current hostname was changed outside NetworkManager: 'serverb.lab.example.com'
Feb 18 17:38:13 servera NetworkManager[770]: <info>  [1708295893.0502] policy: auto-activating connection 'Wired connection 2' (b37f1f40-fd83-377d-a189-762c497c2835)
Feb 18 17:38:13 servera NetworkManager[770]: <info>  [1708295893.0506] device (eth1): Activation: starting connection 'Wired connection 2' (b37f1f40-fd83-377d-a189-762c497c2835)
Feb 18 17:38:13 servera NetworkManager[770]: <info>  [1708295893.0507] device (eth1): state change: disconnected -> prepare (reason 'none', sys-iface-state: 'managed')
Feb 18 17:38:13 servera NetworkManager[770]: <info>  [1708295893.0510] device (eth1): state change: prepare -> config (reason 'none', sys-iface-state: 'managed')
Feb 18 17:38:13 servera NetworkManager[770]: <info>  [1708295893.0543] device (eth1): state change: config -> ip-config (reason 'none', sys-iface-state: 'managed')
Feb 18 17:38:13 servera NetworkManager[770]: <info>  [1708295893.0547] dhcp4 (eth1): activation: beginning transaction (timeout in 45 seconds)
Feb 18 17:38:13 servera NetworkManager[770]: <info>  [1708295893.0586] policy: set-hostname: current hostname was changed outside NetworkManager: 'serverb.lab.example.com'
Feb 18 17:38:14 servera NetworkManager[770]: <info>  [1708295894.2397] policy: set-hostname: current hostname was changed outside NetworkManager: 'serverb.lab.example.com'
Feb 18 17:38:19 servera rsyslogd[744]: [origin software="rsyslogd" swVersion="8.2102.0-101.el9" x-pid="744" x-info="https://www.rsyslog.com"] rsyslogd was HUPed
Feb 18 17:38:30 servera systemd[1]: Starting dnf makecache...
Feb 18 17:38:31 servera dnf[1234]: Red Hat Ansible Automation Platform 2.2 for RHE 136 kB/s | 3.0 kB     00:00
Feb 18 17:38:31 servera dnf[1234]: Red Hat Enterprise Linux 9 for x86_64 - BaseOS  301 kB/s | 3.0 kB     00:00
Feb 18 17:38:31 servera dnf[1234]: Red Hat Enterprise Linux 9 for x86_64 - AppStre 380 kB/s | 3.0 kB     00:00
Feb 18 17:38:31 servera dnf[1234]: Red Hat Enterprise Linux 9 for x86_64 - BaseOS  208 kB/s | 2.7 kB     00:00
Feb 18 17:38:31 servera dnf[1234]: Red Hat Enterprise Linux 9 for x86_64 - AppStre 192 kB/s | 2.8 kB     00:00
Feb 18 17:38:31 servera dnf[1234]: Metadata cache created.
Feb 18 17:38:31 servera systemd[1]: dnf-makecache.service: Deactivated successfully.
Feb 18 17:38:31 servera systemd[1]: Finished dnf makecache.
Feb 18 17:38:58 servera NetworkManager[770]: <info>  [1708295938.0298] device (eth1): state change: ip-config -> failed (reason 'ip-config-unavailable', sys-iface-state: 'managed')
Feb 18 17:38:58 servera NetworkManager[770]: <warn>  [1708295938.0303] device (eth1): Activation: failed for connection 'Wired connection 2'
Feb 18 17:38:58 servera NetworkManager[770]: <info>  [1708295938.0315] device (eth1): state change: failed -> disconnected (reason 'none', sys-iface-state: 'managed')
Feb 18 17:38:58 servera NetworkManager[770]: <info>  [1708295938.0371] dhcp4 (eth1): canceled DHCP transaction
Feb 18 17:38:58 servera NetworkManager[770]: <info>  [1708295938.0378] policy: set-hostname: current hostname was changed outside NetworkManager: 'serverb.lab.example.com'
Feb 18 17:38:58 servera NetworkManager[770]: <info>  [1708295938.0381] policy: auto-activating connection 'Wired connection 2' (b37f1f40-fd83-377d-a189-762c497c2835)
Feb 18 17:38:58 servera NetworkManager[770]: <info>  [1708295938.0385] device (eth1): Activation: starting connection 'Wired connection 2' (b37f1f40-fd83-377d-a189-762c497c2835)
Feb 18 17:38:58 servera NetworkManager[770]: <info>  [1708295938.0386] device (eth1): state change: disconnected -> prepare (reason 'none', sys-iface-state: 'managed')
Feb 18 17:38:58 servera NetworkManager[770]: <info>  [1708295938.0388] device (eth1): state change: prepare -> config (reason 'none', sys-iface-state: 'managed')
Feb 18 17:38:58 servera NetworkManager[770]: <info>  [1708295938.0422] device (eth1): state change: config -> ip-config (reason 'none', sys-iface-state: 'managed')
Feb 18 17:38:58 servera NetworkManager[770]: <info>  [1708295938.0426] dhcp4 (eth1): activation: beginning transaction (timeout in 45 seconds)
Feb 18 17:38:58 servera NetworkManager[770]: <info>  [1708295938.0434] policy: set-hostname: current hostname was changed outside NetworkManager: 'serverb.lab.example.com'
Feb 18 17:38:59 servera NetworkManager[770]: <info>  [1708295939.2965] policy: set-hostname: current hostname was changed outside NetworkManager: 'serverb.lab.example.com'
Feb 18 17:39:16 servera systemd[1]: Created slice User Slice of UID 1001.
Feb 18 17:39:16 servera systemd[1]: Starting User Runtime Directory /run/user/1001...
Feb 18 17:39:16 servera systemd-logind[745]: New session 3 of user devops.
Feb 18 17:39:16 servera systemd[1]: Finished User Runtime Directory /run/user/1001.
Feb 18 17:39:16 servera systemd[1]: Starting User Manager for UID 1001...
Feb 18 17:39:16 servera systemd[1245]: Queued start job for default target Main User Target.
Feb 18 17:39:16 servera systemd[1245]: Created slice User Application Slice.
Feb 18 17:39:16 servera systemd[1245]: Started Mark boot as successful after the user session has run 2 minutes.
Feb 18 17:39:16 servera systemd[1245]: Started Daily Cleanup of User's Temporary Directories.
Feb 18 17:39:16 servera systemd[1245]: Reached target Paths.
Feb 18 17:39:16 servera systemd[1245]: Reached target Timers.
Feb 18 17:39:16 servera systemd[1245]: Starting D-Bus User Message Bus Socket...
Feb 18 17:39:16 servera systemd[1245]: Starting Create User's Volatile Files and Directories...
Feb 18 17:39:16 servera systemd[1245]: Listening on D-Bus User Message Bus Socket.
Feb 18 17:39:16 servera systemd[1245]: Reached target Sockets.
Feb 18 17:39:16 servera systemd[1245]: Finished Create User's Volatile Files and Directories.
Feb 18 17:39:16 servera systemd[1245]: Reached target Basic System.
Feb 18 17:39:16 servera systemd[1]: Started User Manager for UID 1001.
Feb 18 17:39:16 servera systemd[1]: Started Session 3 of User devops.
Feb 18 17:39:16 servera systemd[1245]: Reached target Main User Target.
Feb 18 17:39:16 servera systemd[1245]: Startup finished in 70ms.
Feb 18 17:39:17 servera python3[1361]: ansible-ansible.legacy.setup Invoked with gather_subset=['all'] gather_timeout=10 filter=[] fact_path=/etc/ansible/facts.d
Feb 18 17:39:18 servera python3[1484]: ansible-ping Invoked with data=pong
Feb 18 17:39:25 servera systemd-logind[745]: Session 3 logged out. Waiting for processes to exit.
Feb 18 17:39:25 servera systemd[1]: session-3.scope: Deactivated successfully.
Feb 18 17:39:25 servera systemd[1]: session-3.scope: Consumed 1.224s CPU time.
Feb 18 17:39:25 servera systemd-logind[745]: Removed session 3.
Feb 18 17:39:36 servera systemd[1245]: Activating special unit Exit the Session...
Feb 18 17:39:36 servera systemd[1245]: Stopped target Main User Target.
Feb 18 17:39:36 servera systemd[1245]: Stopped target Basic System.
Feb 18 17:39:36 servera systemd[1245]: Stopped target Paths.
Feb 18 17:39:36 servera systemd[1245]: Stopped target Sockets.
Feb 18 17:39:36 servera systemd[1245]: Stopped target Timers.
Feb 18 17:39:36 servera systemd[1245]: Stopped Mark boot as successful after the user session has run 2 minutes.
Feb 18 17:39:36 servera systemd[1245]: Stopped Daily Cleanup of User's Temporary Directories.
Feb 18 17:39:36 servera systemd[1245]: Closed D-Bus User Message Bus Socket.
Feb 18 17:39:36 servera systemd[1245]: Stopped Create User's Volatile Files and Directories.
Feb 18 17:39:36 servera systemd[1245]: Removed slice User Application Slice.
Feb 18 17:39:36 servera systemd[1245]: Reached target Shutdown.
Feb 18 17:39:36 servera systemd[1245]: Finished Exit the Session.
Feb 18 17:39:36 servera systemd[1245]: Reached target Exit the Session.
Feb 18 17:39:36 servera systemd[1]: Stopping User Manager for UID 1001...
Feb 18 17:39:36 servera systemd[1]: user@1001.service: Deactivated successfully.
Feb 18 17:39:36 servera systemd[1]: Stopped User Manager for UID 1001.
Feb 18 17:39:36 servera systemd[1]: Stopping User Runtime Directory /run/user/1001...
Feb 18 17:39:36 servera systemd[1]: run-user-1001.mount: Deactivated successfully.
Feb 18 17:39:36 servera systemd[1]: user-runtime-dir@1001.service: Deactivated successfully.
Feb 18 17:39:36 servera systemd[1]: Stopped User Runtime Directory /run/user/1001.
Feb 18 17:39:36 servera systemd[1]: Removed slice User Slice of UID 1001.
Feb 18 17:39:36 servera systemd[1]: user-1001.slice: Consumed 1.331s CPU time.
Feb 18 17:39:43 servera NetworkManager[770]: <info>  [1708295983.0346] device (eth1): state change: ip-config -> failed (reason 'ip-config-unavailable', sys-iface-state: 'managed')
Feb 18 17:39:43 servera NetworkManager[770]: <warn>  [1708295983.0379] device (eth1): Activation: failed for connection 'Wired connection 2'
Feb 18 17:39:43 servera NetworkManager[770]: <info>  [1708295983.0386] device (eth1): state change: failed -> disconnected (reason 'none', sys-iface-state: 'managed')
Feb 18 17:39:43 servera NetworkManager[770]: <info>  [1708295983.0462] dhcp4 (eth1): canceled DHCP transaction
Feb 18 17:39:43 servera NetworkManager[770]: <info>  [1708295983.0470] policy: set-hostname: current hostname was changed outside NetworkManager: 'serverb.lab.example.com'
Feb 20 13:54:49 serverb kernel: The list of certified hardware and cloud instances for Red Hat Enterprise Linux 9 can be viewed at the Red Hat Ecosystem Catalog, https://catalog.redhat.com.
Feb 20 13:54:49 serverb kernel: Command line: BOOT_IMAGE=(hd0,gpt3)/vmlinuz-5.14.0-70.13.1.el9_0.x86_64 root=UUID=fb535add-9799-4a27-b8bc-e8259f39a767 console=tty0 console=ttyS0,115200n8 no_timer_check net.ifnames=0 crashkernel=1G-4G:192M,4G-64G:256M,64G-:512M
Feb 20 13:54:49 serverb kernel: x86/fpu: Supporting XSAVE feature 0x001: 'x87 floating point registers'
Feb 20 13:54:49 serverb kernel: x86/fpu: Supporting XSAVE feature 0x002: 'SSE registers'
Feb 20 13:54:49 serverb kernel: x86/fpu: Supporting XSAVE feature 0x004: 'AVX registers'
Feb 20 13:54:49 serverb kernel: x86/fpu: xstate_offset[2]:  576, xstate_sizes[2]:  256
Feb 20 13:54:49 serverb kernel: x86/fpu: Enabled xstate features 0x7, context size is 832 bytes, using 'compacted' format.
Feb 20 13:54:49 serverb kernel: signal: max sigframe size: 1776
Feb 20 13:54:49 serverb kernel: BIOS-provided physical RAM map:
Feb 20 13:54:49 serverb kernel: BIOS-e820: [mem 0x0000000000000000-0x000000000009fbff] usable
Feb 20 13:54:49 serverb kernel: BIOS-e820: [mem 0x000000000009fc00-0x000000000009ffff] reserved
Feb 20 13:54:49 serverb kernel: BIOS-e820: [mem 0x00000000000f0000-0x00000000000fffff] reserved
Feb 20 13:54:49 serverb kernel: BIOS-e820: [mem 0x0000000000100000-0x000000003ffdbfff] usable
Feb 20 13:54:49 serverb kernel: BIOS-e820: [mem 0x000000003ffdc000-0x000000003fffffff] reserved
Feb 20 13:54:49 serverb kernel: BIOS-e820: [mem 0x00000000b0000000-0x00000000bfffffff] reserved
Feb 20 13:54:49 serverb kernel: BIOS-e820: [mem 0x00000000fed1c000-0x00000000fed1ffff] reserved
Feb 20 13:54:49 serverb kernel: BIOS-e820: [mem 0x00000000feffc000-0x00000000feffffff] reserved
Feb 20 13:54:49 serverb kernel: BIOS-e820: [mem 0x00000000fffc0000-0x00000000ffffffff] reserved
Feb 20 13:54:49 serverb kernel: NX (Execute Disable) protection: active
Feb 20 13:54:49 serverb kernel: SMBIOS 2.8 present.
Feb 20 13:54:49 serverb kernel: DMI: Red Hat KVM/RHEL, BIOS 1.16.0-4.el9 04/01/2014
Feb 20 13:54:49 serverb kernel: Hypervisor detected: KVM
Feb 20 13:54:49 serverb kernel: kvm-clock: Using msrs 4b564d01 and 4b564d00
Feb 20 13:54:49 serverb kernel: kvm-clock: cpu 0, msr 2a401001, primary cpu clock
Feb 20 13:54:49 serverb kernel: kvm-clock: using sched offset of 188921308947 cycles
Feb 20 13:54:49 serverb kernel: clocksource: kvm-clock: mask: 0xffffffffffffffff max_cycles: 0x1cd42e4dffb, max_idle_ns: 881590591483 ns
Feb 20 13:54:49 serverb kernel: tsc: Detected 2995.214 MHz processor
Feb 20 13:54:49 serverb kernel: last_pfn = 0x3ffdc max_arch_pfn = 0x400000000
Feb 20 13:54:49 serverb kernel: x86/PAT: Configuration [0-7]: WB  WC  UC- UC  WB  WP  UC- WT  
Feb 20 13:54:49 serverb kernel: found SMP MP-table at [mem 0x000f5b50-0x000f5b5f]
Feb 20 13:54:49 serverb kernel: Using GB pages for direct mapping
Feb 20 13:54:49 serverb kernel: RAMDISK: [mem 0x2e086000-0x3303afff]
Feb 20 13:54:49 serverb kernel: ACPI: Early table checksum verification disabled
Feb 20 13:54:49 serverb kernel: ACPI: RSDP 0x00000000000F5910 000014 (v00 BOCHS )
Feb 20 13:54:49 serverb kernel: ACPI: RSDT 0x000000003FFE25CF 000034 (v01 BOCHS  BXPC     00000001 BXPC 00000001)
Feb 20 13:54:49 serverb kernel: ACPI: FACP 0x000000003FFE23FF 0000F4 (v03 BOCHS  BXPC     00000001 BXPC 00000001)
Feb 20 13:54:49 serverb kernel: ACPI: DSDT 0x000000003FFE0040 0023BF (v01 BOCHS  BXPC     00000001 BXPC 00000001)
Feb 20 13:54:49 serverb kernel: ACPI: FACS 0x000000003FFE0000 000040
Feb 20 13:54:49 serverb kernel: ACPI: APIC 0x000000003FFE24F3 000078 (v01 BOCHS  BXPC     00000001 BXPC 00000001)
Feb 20 13:54:49 serverb kernel: ACPI: MCFG 0x000000003FFE256B 00003C (v01 BOCHS  BXPC     00000001 BXPC 00000001)
Feb 20 13:54:49 serverb kernel: ACPI: WAET 0x000000003FFE25A7 000028 (v01 BOCHS  BXPC     00000001 BXPC 00000001)
Feb 20 13:54:49 serverb kernel: ACPI: Reserving FACP table memory at [mem 0x3ffe23ff-0x3ffe24f2]
Feb 20 13:54:49 serverb kernel: ACPI: Reserving DSDT table memory at [mem 0x3ffe0040-0x3ffe23fe]
Feb 20 13:54:49 serverb kernel: ACPI: Reserving FACS table memory at [mem 0x3ffe0000-0x3ffe003f]
Feb 20 13:54:49 serverb kernel: ACPI: Reserving APIC table memory at [mem 0x3ffe24f3-0x3ffe256a]
Feb 20 13:54:49 serverb kernel: ACPI: Reserving MCFG table memory at [mem 0x3ffe256b-0x3ffe25a6]
Feb 20 13:54:49 serverb kernel: ACPI: Reserving WAET table memory at [mem 0x3ffe25a7-0x3ffe25ce]
Feb 20 13:54:49 serverb kernel: No NUMA configuration found
Feb 20 13:54:49 serverb kernel: Faking a node at [mem 0x0000000000000000-0x000000003ffdbfff]
Feb 20 13:54:49 serverb kernel: NODE_DATA(0) allocated [mem 0x3ffb1000-0x3ffdbfff]
Feb 20 13:54:49 serverb kernel: crashkernel size resulted in zero bytes
Feb 20 13:54:49 serverb kernel: Zone ranges:
Feb 20 13:54:49 serverb kernel:  DMA      [mem 0x0000000000001000-0x0000000000ffffff]
Feb 20 13:54:49 serverb kernel:  DMA32    [mem 0x0000000001000000-0x000000003ffdbfff]
Feb 20 13:54:49 serverb kernel:  Normal   empty
Feb 20 13:54:49 serverb kernel:  Device   empty
Feb 20 13:54:49 serverb kernel: Movable zone start for each node
Feb 20 13:54:49 serverb kernel: Early memory node ranges
Feb 20 13:54:49 serverb kernel:  node   0: [mem 0x0000000000001000-0x000000000009efff]
Feb 20 13:54:49 serverb kernel:  node   0: [mem 0x0000000000100000-0x000000003ffdbfff]
Feb 20 13:54:49 serverb kernel: Initmem setup node 0 [mem 0x0000000000001000-0x000000003ffdbfff]
Feb 20 13:54:49 serverb kernel: On node 0, zone DMA: 1 pages in unavailable ranges
Feb 20 13:54:49 serverb kernel: On node 0, zone DMA: 97 pages in unavailable ranges
Feb 20 13:54:49 serverb kernel: On node 0, zone DMA32: 36 pages in unavailable ranges
Feb 20 13:54:49 serverb kernel: ACPI: PM-Timer IO Port: 0x608
Feb 20 13:54:49 serverb kernel: ACPI: LAPIC_NMI (acpi_id[0xff] dfl dfl lint[0x1])
Feb 20 13:54:49 serverb kernel: IOAPIC[0]: apic_id 0, version 17, address 0xfec00000, GSI 0-23
Feb 20 13:54:49 serverb kernel: ACPI: INT_SRC_OVR (bus 0 bus_irq 0 global_irq 2 dfl dfl)
Feb 20 13:54:49 serverb kernel: ACPI: INT_SRC_OVR (bus 0 bus_irq 5 global_irq 5 high level)
Feb 20 13:54:49 serverb kernel: ACPI: INT_SRC_OVR (bus 0 bus_irq 9 global_irq 9 high level)
Feb 20 13:54:49 serverb kernel: ACPI: INT_SRC_OVR (bus 0 bus_irq 10 global_irq 10 high level)
Feb 20 13:54:49 serverb kernel: ACPI: INT_SRC_OVR (bus 0 bus_irq 11 global_irq 11 high level)
Feb 20 13:54:49 serverb kernel: ACPI: Using ACPI (MADT) for SMP configuration information
Feb 20 13:54:49 serverb kernel: TSC deadline timer available
Feb 20 13:54:49 serverb kernel: smpboot: Allowing 1 CPUs, 0 hotplug CPUs
Feb 20 13:54:49 serverb kernel: PM: hibernation: Registered nosave memory: [mem 0x00000000-0x00000fff]
Feb 20 13:54:49 serverb kernel: PM: hibernation: Registered nosave memory: [mem 0x0009f000-0x0009ffff]
Feb 20 13:54:49 serverb kernel: PM: hibernation: Registered nosave memory: [mem 0x000a0000-0x000effff]
Feb 20 13:54:49 serverb kernel: PM: hibernation: Registered nosave memory: [mem 0x000f0000-0x000fffff]
Feb 20 13:54:49 serverb kernel: [mem 0x40000000-0xafffffff] available for PCI devices
Feb 20 13:54:49 serverb kernel: Booting paravirtualized kernel on KVM
Feb 20 13:54:49 serverb kernel: clocksource: refined-jiffies: mask: 0xffffffff max_cycles: 0xffffffff, max_idle_ns: 1910969940391419 ns
Feb 20 13:54:49 serverb kernel: setup_percpu: NR_CPUS:8192 nr_cpumask_bits:1 nr_cpu_ids:1 nr_node_ids:1
Feb 20 13:54:49 serverb kernel: percpu: Embedded 53 pages/cpu s180224 r8192 d28672 u2097152
Feb 20 13:54:49 serverb kernel: kvm-guest: setup async PF for cpu 0
Feb 20 13:54:49 serverb kernel: kvm-guest: stealtime: cpu 0, msr 3ec2b080
Feb 20 13:54:49 serverb kernel: kvm-guest: PV spinlocks disabled, single CPU
Feb 20 13:54:49 serverb kernel: Built 1 zonelists, mobility grouping on.  Total pages: 257756
Feb 20 13:54:49 serverb kernel: Policy zone: DMA32
Feb 20 13:54:49 serverb kernel: Kernel command line: BOOT_IMAGE=(hd0,gpt3)/vmlinuz-5.14.0-70.13.1.el9_0.x86_64 root=UUID=fb535add-9799-4a27-b8bc-e8259f39a767 console=tty0 console=ttyS0,115200n8 no_timer_check net.ifnames=0 crashkernel=1G-4G:192M,4G-64G:256M,64G-:512M
Feb 20 13:54:49 serverb kernel: Unknown kernel command line parameters "BOOT_IMAGE=(hd0,gpt3)/vmlinuz-5.14.0-70.13.1.el9_0.x86_64", will be passed to user space.
Feb 20 13:54:49 serverb kernel: Dentry cache hash table entries: 131072 (order: 8, 1048576 bytes, linear)
Feb 20 13:54:49 serverb kernel: Inode-cache hash table entries: 65536 (order: 7, 524288 bytes, linear)
Feb 20 13:54:49 serverb kernel: mem auto-init: stack:off, heap alloc:off, heap free:off
Feb 20 13:54:49 serverb kernel: Memory: 260860K/1048040K available (14345K kernel code, 5945K rwdata, 9052K rodata, 2548K init, 5460K bss, 153940K reserved, 0K cma-reserved)
Feb 20 13:54:49 serverb kernel: random: get_random_u64 called from kmem_cache_open+0x1e/0x2d0 with crng_init=0
Feb 20 13:54:49 serverb kernel: SLUB: HWalign=64, Order=0-3, MinObjects=0, CPUs=1, Nodes=1
Feb 20 13:54:49 serverb kernel: ftrace: allocating 43166 entries in 169 pages
Feb 20 13:54:49 serverb kernel: ftrace: allocated 169 pages with 4 groups
Feb 20 13:54:49 serverb kernel: Dynamic Preempt: voluntary
Feb 20 13:54:49 serverb kernel: rcu: Preemptible hierarchical RCU implementation.
Feb 20 13:54:49 serverb kernel: rcu: #011RCU restricting CPUs from NR_CPUS=8192 to nr_cpu_ids=1.
Feb 20 13:54:49 serverb kernel: #011Trampoline variant of Tasks RCU enabled.
Feb 20 13:54:49 serverb kernel: #011Rude variant of Tasks RCU enabled.
Feb 20 13:54:49 serverb kernel: #011Tracing variant of Tasks RCU enabled.
Feb 20 13:54:49 serverb kernel: rcu: RCU calculated value of scheduler-enlistment delay is 100 jiffies.
Feb 20 13:54:49 serverb kernel: rcu: Adjusting geometry for rcu_fanout_leaf=16, nr_cpu_ids=1
Feb 20 13:54:49 serverb kernel: NR_IRQS: 524544, nr_irqs: 256, preallocated irqs: 16
Feb 20 13:54:49 serverb kernel: random: crng done (trusting CPU's manufacturer)
Feb 20 13:54:49 serverb kernel: Console: colour VGA+ 80x25
Feb 20 13:54:49 serverb kernel: printk: console [tty0] enabled
Feb 20 13:54:49 serverb kernel: printk: console [ttyS0] enabled
Feb 20 13:54:49 serverb kernel: ACPI: Core revision 20210604
Feb 20 13:54:49 serverb kernel: APIC: Switch to symmetric I/O mode setup
Feb 20 13:54:49 serverb kernel: x2apic enabled
Feb 20 13:54:49 serverb kernel: Switched APIC routing to physical x2apic.
Feb 20 13:54:49 serverb kernel: clocksource: tsc-early: mask: 0xffffffffffffffff max_cycles: 0x2b2c9c6f804, max_idle_ns: 440795283378 ns
Feb 20 13:54:49 serverb kernel: Calibrating delay loop (skipped) preset value.. 5990.42 BogoMIPS (lpj=2995214)
Feb 20 13:54:49 serverb kernel: pid_max: default: 32768 minimum: 301
Feb 20 13:54:49 serverb kernel: LSM: Security Framework initializing
Feb 20 13:54:49 serverb kernel: Yama: becoming mindful.
Feb 20 13:54:49 serverb kernel: SELinux:  Initializing.
Feb 20 13:54:49 serverb kernel: LSM support for eBPF active
Feb 20 13:54:49 serverb kernel: Mount-cache hash table entries: 2048 (order: 2, 16384 bytes, linear)
Feb 20 13:54:49 serverb kernel: Mountpoint-cache hash table entries: 2048 (order: 2, 16384 bytes, linear)
Feb 20 13:54:49 serverb kernel: x86/cpu: User Mode Instruction Prevention (UMIP) activated
Feb 20 13:54:49 serverb kernel: Last level iTLB entries: 4KB 0, 2MB 0, 4MB 0
Feb 20 13:54:49 serverb kernel: Last level dTLB entries: 4KB 0, 2MB 0, 4MB 0, 1GB 0
Feb 20 13:54:49 serverb kernel: Spectre V1 : Mitigation: usercopy/swapgs barriers and __user pointer sanitization
Feb 20 13:54:49 serverb kernel: Spectre V2 : Mitigation: Enhanced IBRS
Feb 20 13:54:49 serverb kernel: Spectre V2 : Spectre v2 / SpectreRSB mitigation: Filling RSB on context switch
Feb 20 13:54:49 serverb kernel: Spectre V2 : mitigation: Enabling conditional Indirect Branch Prediction Barrier
Feb 20 13:54:49 serverb kernel: Speculative Store Bypass: Mitigation: Speculative Store Bypass disabled via prctl
Feb 20 13:54:49 serverb kernel: SRBDS: Mitigation: TSX disabled
Feb 20 13:54:49 serverb kernel: Freeing SMP alternatives memory: 36K
Feb 20 13:54:49 serverb kernel: smpboot: CPU0: Intel Core Processor (Skylake, IBRS) (family: 0x6, model: 0x5e, stepping: 0x3)
Feb 20 13:54:49 serverb kernel: Performance Events: unsupported p6 CPU model 94 no PMU driver, software events only.
Feb 20 13:54:49 serverb kernel: rcu: Hierarchical SRCU implementation.
Feb 20 13:54:49 serverb kernel: NMI watchdog: Perf NMI watchdog permanently disabled
Feb 20 13:54:49 serverb kernel: smp: Bringing up secondary CPUs ...
Feb 20 13:54:49 serverb kernel: smp: Brought up 1 node, 1 CPU
Feb 20 13:54:49 serverb kernel: smpboot: Max logical packages: 1
Feb 20 13:54:49 serverb kernel: smpboot: Total of 1 processors activated (5990.42 BogoMIPS)
Feb 20 13:54:49 serverb kernel: node 0 deferred pages initialised in 57ms
Feb 20 13:54:49 serverb kernel: devtmpfs: initialized
Feb 20 13:54:49 serverb kernel: x86/mm: Memory block size: 128MB
Feb 20 13:54:49 serverb kernel: clocksource: jiffies: mask: 0xffffffff max_cycles: 0xffffffff, max_idle_ns: 1911260446275000 ns
Feb 20 13:54:49 serverb kernel: futex hash table entries: 256 (order: 2, 16384 bytes, linear)
Feb 20 13:54:49 serverb kernel: pinctrl core: initialized pinctrl subsystem
Feb 20 13:54:49 serverb kernel: NET: Registered PF_NETLINK/PF_ROUTE protocol family
Feb 20 13:54:49 serverb kernel: DMA: preallocated 128 KiB GFP_KERNEL pool for atomic allocations
Feb 20 13:54:49 serverb kernel: DMA: preallocated 128 KiB GFP_KERNEL|GFP_DMA pool for atomic allocations
Feb 20 13:54:49 serverb kernel: DMA: preallocated 128 KiB GFP_KERNEL|GFP_DMA32 pool for atomic allocations
Feb 20 13:54:49 serverb kernel: audit: initializing netlink subsys (disabled)
Feb 20 13:54:49 serverb kernel: thermal_sys: Registered thermal governor 'fair_share'
Feb 20 13:54:49 serverb kernel: thermal_sys: Registered thermal governor 'step_wise'
Feb 20 13:54:49 serverb kernel: thermal_sys: Registered thermal governor 'user_space'
Feb 20 13:54:49 serverb kernel: cpuidle: using governor menu
Feb 20 13:54:49 serverb kernel: ACPI: bus type PCI registered
Feb 20 13:54:49 serverb kernel: acpiphp: ACPI Hot Plug PCI Controller Driver version: 0.5
Feb 20 13:54:49 serverb kernel: PCI: MMCONFIG for domain 0000 [bus 00-ff] at [mem 0xb0000000-0xbfffffff] (base 0xb0000000)
Feb 20 13:54:49 serverb kernel: PCI: MMCONFIG at [mem 0xb0000000-0xbfffffff] reserved in E820
Feb 20 13:54:49 serverb kernel: PCI: Using configuration type 1 for base access
Feb 20 13:54:49 serverb kernel: audit: type=2000 audit(1708455120.099:1): state=initialized audit_enabled=0 res=1
Feb 20 13:54:49 serverb kernel: Kprobes globally optimized
Feb 20 13:54:49 serverb kernel: HugeTLB registered 1.00 GiB page size, pre-allocated 0 pages
Feb 20 13:54:49 serverb kernel: HugeTLB registered 2.00 MiB page size, pre-allocated 0 pages
Feb 20 13:54:49 serverb kernel: cryptd: max_cpu_qlen set to 1000
Feb 20 13:54:49 serverb kernel: ACPI: PRMT not present
Feb 20 13:54:49 serverb kernel: ACPI: Added _OSI(Module Device)
Feb 20 13:54:49 serverb kernel: ACPI: Added _OSI(Processor Device)
Feb 20 13:54:49 serverb kernel: ACPI: Added _OSI(3.0 _SCP Extensions)
Feb 20 13:54:49 serverb kernel: ACPI: Added _OSI(Processor Aggregator Device)
Feb 20 13:54:49 serverb kernel: ACPI: Added _OSI(Linux-Dell-Video)
Feb 20 13:54:49 serverb kernel: ACPI: Added _OSI(Linux-Lenovo-NV-HDMI-Audio)
Feb 20 13:54:49 serverb kernel: ACPI: Added _OSI(Linux-HPI-Hybrid-Graphics)
Feb 20 13:54:49 serverb kernel: ACPI: 1 ACPI AML tables successfully acquired and loaded
Feb 20 13:54:49 serverb kernel: ACPI: Interpreter enabled
Feb 20 13:54:49 serverb kernel: ACPI: PM: (supports S0 S5)
Feb 20 13:54:49 serverb kernel: ACPI: Using IOAPIC for interrupt routing
Feb 20 13:54:49 serverb kernel: PCI: Using host bridge windows from ACPI; if necessary, use "pci=nocrs" and report a bug
Feb 20 13:54:49 serverb kernel: ACPI: Enabled 2 GPEs in block 00 to 3F
Feb 20 13:54:49 serverb kernel: ACPI: PCI Root Bridge [PCI0] (domain 0000 [bus 00-ff])
Feb 20 13:54:49 serverb kernel: acpi PNP0A08:00: _OSC: OS supports [ExtendedConfig ASPM ClockPM Segments MSI EDR HPX-Type3]
Feb 20 13:54:49 serverb kernel: acpi PNP0A08:00: _OSC: platform does not support [PCIeHotplug LTR DPC]
Feb 20 13:54:49 serverb kernel: acpi PNP0A08:00: _OSC: OS now controls [SHPCHotplug PME AER PCIeCapability]
Feb 20 13:54:49 serverb kernel: PCI host bridge to bus 0000:00
Feb 20 13:54:49 serverb kernel: pci_bus 0000:00: root bus resource [io  0x0000-0x0cf7 window]
Feb 20 13:54:49 serverb kernel: pci_bus 0000:00: root bus resource [io  0x0d00-0xffff window]
Feb 20 13:54:49 serverb kernel: pci_bus 0000:00: root bus resource [mem 0x000a0000-0x000bffff window]
Feb 20 13:54:49 serverb kernel: pci_bus 0000:00: root bus resource [mem 0x40000000-0xafffffff window]
Feb 20 13:54:49 serverb kernel: pci_bus 0000:00: root bus resource [mem 0xc0000000-0xfebfffff window]
Feb 20 13:54:49 serverb kernel: pci_bus 0000:00: root bus resource [mem 0x100000000-0x8ffffffff window]
Feb 20 13:54:49 serverb kernel: pci_bus 0000:00: root bus resource [bus 00-ff]
Feb 20 13:54:49 serverb kernel: pci 0000:00:00.0: [8086:29c0] type 00 class 0x060000
Feb 20 13:54:49 serverb kernel: pci 0000:00:01.0: [1b36:000c] type 01 class 0x060400
Feb 20 13:54:49 serverb kernel: pci 0000:00:01.0: reg 0x10: [mem 0xfea10000-0xfea10fff]
Feb 20 13:54:49 serverb kernel: pci 0000:00:01.1: [1b36:000c] type 01 class 0x060400
Feb 20 13:54:49 serverb kernel: pci 0000:00:01.1: reg 0x10: [mem 0xfea11000-0xfea11fff]
Feb 20 13:54:49 serverb kernel: pci 0000:00:01.2: [1b36:000c] type 01 class 0x060400
Feb 20 13:54:49 serverb kernel: pci 0000:00:01.2: reg 0x10: [mem 0xfea12000-0xfea12fff]
Feb 20 13:54:49 serverb kernel: pci 0000:00:01.3: [1b36:000c] type 01 class 0x060400
Feb 20 13:54:49 serverb kernel: pci 0000:00:01.3: reg 0x10: [mem 0xfea13000-0xfea13fff]
Feb 20 13:54:49 serverb kernel: pci 0000:00:01.4: [1b36:000c] type 01 class 0x060400
Feb 20 13:54:49 serverb kernel: pci 0000:00:01.4: reg 0x10: [mem 0xfea14000-0xfea14fff]
Feb 20 13:54:49 serverb kernel: pci 0000:00:01.5: [1b36:000c] type 01 class 0x060400
Feb 20 13:54:49 serverb kernel: pci 0000:00:01.5: reg 0x10: [mem 0xfea15000-0xfea15fff]
Feb 20 13:54:49 serverb kernel: pci 0000:00:01.6: [1b36:000c] type 01 class 0x060400
Feb 20 13:54:49 serverb kernel: pci 0000:00:01.6: reg 0x10: [mem 0xfea16000-0xfea16fff]
Feb 20 13:54:49 serverb kernel: pci 0000:00:02.0: [1af4:1050] type 00 class 0x030000
Feb 20 13:54:49 serverb kernel: pci 0000:00:02.0: reg 0x10: [mem 0xfc000000-0xfc7fffff pref]
Feb 20 13:54:49 serverb kernel: pci 0000:00:02.0: reg 0x18: [mem 0xfd600000-0xfd603fff 64bit pref]
Feb 20 13:54:49 serverb kernel: pci 0000:00:02.0: reg 0x20: [mem 0xfea17000-0xfea17fff]
Feb 20 13:54:49 serverb kernel: pci 0000:00:02.0: reg 0x30: [mem 0xfea00000-0xfea0ffff pref]
Feb 20 13:54:49 serverb kernel: pci 0000:00:1f.0: [8086:2918] type 00 class 0x060100
Feb 20 13:54:49 serverb kernel: pci 0000:00:1f.0: quirk: [io  0x0600-0x067f] claimed by ICH6 ACPI/GPIO/TCO
Feb 20 13:54:49 serverb kernel: pci 0000:00:1f.2: [8086:2922] type 00 class 0x010601
Feb 20 13:54:49 serverb kernel: pci 0000:00:1f.2: reg 0x20: [io  0xc040-0xc05f]
Feb 20 13:54:49 serverb kernel: pci 0000:00:1f.2: reg 0x24: [mem 0xfea18000-0xfea18fff]
Feb 20 13:54:49 serverb kernel: pci 0000:00:1f.3: [8086:2930] type 00 class 0x0c0500
Feb 20 13:54:49 serverb kernel: pci 0000:00:1f.3: reg 0x20: [io  0x0700-0x073f]
Feb 20 13:54:49 serverb kernel: acpiphp: Slot [0] registered
Feb 20 13:54:49 serverb kernel: pci 0000:01:00.0: [1af4:1041] type 00 class 0x020000
Feb 20 13:54:49 serverb kernel: pci 0000:01:00.0: reg 0x14: [mem 0xfe840000-0xfe840fff]
Feb 20 13:54:49 serverb kernel: pci 0000:01:00.0: reg 0x20: [mem 0xfd400000-0xfd403fff 64bit pref]
Feb 20 13:54:49 serverb kernel: pci 0000:01:00.0: reg 0x30: [mem 0xfe800000-0xfe83ffff pref]
Feb 20 13:54:49 serverb kernel: pci 0000:00:01.0: PCI bridge to [bus 01]
Feb 20 13:54:49 serverb kernel: pci 0000:00:01.0:   bridge window [mem 0xfe800000-0xfe9fffff]
Feb 20 13:54:49 serverb kernel: pci 0000:00:01.0:   bridge window [mem 0xfd400000-0xfd5fffff 64bit pref]
Feb 20 13:54:49 serverb kernel: acpiphp: Slot [0-2] registered
Feb 20 13:54:49 serverb kernel: pci 0000:02:00.0: [1af4:1041] type 00 class 0x020000
Feb 20 13:54:49 serverb kernel: pci 0000:02:00.0: reg 0x14: [mem 0xfe640000-0xfe640fff]
Feb 20 13:54:49 serverb kernel: pci 0000:02:00.0: reg 0x20: [mem 0xfd200000-0xfd203fff 64bit pref]
Feb 20 13:54:49 serverb kernel: pci 0000:02:00.0: reg 0x30: [mem 0xfe600000-0xfe63ffff pref]
Feb 20 13:54:49 serverb kernel: pci 0000:00:01.1: PCI bridge to [bus 02]
Feb 20 13:54:49 serverb kernel: pci 0000:00:01.1:   bridge window [mem 0xfe600000-0xfe7fffff]
Feb 20 13:54:49 serverb kernel: pci 0000:00:01.1:   bridge window [mem 0xfd200000-0xfd3fffff 64bit pref]
Feb 20 13:54:49 serverb kernel: acpiphp: Slot [0-3] registered
Feb 20 13:54:49 serverb kernel: pci 0000:03:00.0: [1b36:000d] type 00 class 0x0c0330
Feb 20 13:54:49 serverb kernel: pci 0000:03:00.0: reg 0x10: [mem 0xfe400000-0xfe403fff 64bit]
Feb 20 13:54:49 serverb kernel: pci 0000:00:01.2: PCI bridge to [bus 03]
Feb 20 13:54:49 serverb kernel: pci 0000:00:01.2:   bridge window [mem 0xfe400000-0xfe5fffff]
Feb 20 13:54:49 serverb kernel: pci 0000:00:01.2:   bridge window [mem 0xfd000000-0xfd1fffff 64bit pref]
Feb 20 13:54:49 serverb kernel: acpiphp: Slot [0-4] registered
Feb 20 13:54:49 serverb kernel: pci 0000:04:00.0: [1af4:1042] type 00 class 0x010000
Feb 20 13:54:49 serverb kernel: pci 0000:04:00.0: reg 0x14: [mem 0xfe200000-0xfe200fff]
Feb 20 13:54:49 serverb kernel: pci 0000:04:00.0: reg 0x20: [mem 0xfce00000-0xfce03fff 64bit pref]
Feb 20 13:54:49 serverb kernel: pci 0000:00:01.3: PCI bridge to [bus 04]
Feb 20 13:54:49 serverb kernel: pci 0000:00:01.3:   bridge window [mem 0xfe200000-0xfe3fffff]
Feb 20 13:54:49 serverb kernel: pci 0000:00:01.3:   bridge window [mem 0xfce00000-0xfcffffff 64bit pref]
Feb 20 13:54:49 serverb kernel: acpiphp: Slot [0-5] registered
Feb 20 13:54:49 serverb kernel: pci 0000:05:00.0: [1af4:1042] type 00 class 0x010000
Feb 20 13:54:49 serverb kernel: pci 0000:05:00.0: reg 0x14: [mem 0xfe000000-0xfe000fff]
Feb 20 13:54:49 serverb kernel: pci 0000:05:00.0: reg 0x20: [mem 0xfcc00000-0xfcc03fff 64bit pref]
Feb 20 13:54:49 serverb kernel: pci 0000:00:01.4: PCI bridge to [bus 05]
Feb 20 13:54:49 serverb kernel: pci 0000:00:01.4:   bridge window [mem 0xfe000000-0xfe1fffff]
Feb 20 13:54:49 serverb kernel: pci 0000:00:01.4:   bridge window [mem 0xfcc00000-0xfcdfffff 64bit pref]
Feb 20 13:54:49 serverb kernel: acpiphp: Slot [0-6] registered
Feb 20 13:54:49 serverb kernel: pci 0000:06:00.0: [1af4:1045] type 00 class 0x00ff00
Feb 20 13:54:49 serverb kernel: pci 0000:06:00.0: reg 0x20: [mem 0xfca00000-0xfca03fff 64bit pref]
Feb 20 13:54:49 serverb kernel: pci 0000:00:01.5: PCI bridge to [bus 06]
Feb 20 13:54:49 serverb kernel: pci 0000:00:01.5:   bridge window [mem 0xfde00000-0xfdffffff]
Feb 20 13:54:49 serverb kernel: pci 0000:00:01.5:   bridge window [mem 0xfca00000-0xfcbfffff 64bit pref]
Feb 20 13:54:49 serverb kernel: acpiphp: Slot [0-7] registered
Feb 20 13:54:49 serverb kernel: pci 0000:00:01.6: PCI bridge to [bus 07]
Feb 20 13:54:49 serverb kernel: pci 0000:00:01.6:   bridge window [mem 0xfdc00000-0xfddfffff]
Feb 20 13:54:49 serverb kernel: pci 0000:00:01.6:   bridge window [mem 0xfc800000-0xfc9fffff 64bit pref]
Feb 20 13:54:49 serverb kernel: ACPI: PCI: Interrupt link LNKA configured for IRQ 10
Feb 20 13:54:49 serverb kernel: ACPI: PCI: Interrupt link LNKB configured for IRQ 10
Feb 20 13:54:49 serverb kernel: ACPI: PCI: Interrupt link LNKC configured for IRQ 11
Feb 20 13:54:49 serverb kernel: ACPI: PCI: Interrupt link LNKD configured for IRQ 11
Feb 20 13:54:49 serverb kernel: ACPI: PCI: Interrupt link LNKE configured for IRQ 10
Feb 20 13:54:49 serverb kernel: ACPI: PCI: Interrupt link LNKF configured for IRQ 10
Feb 20 13:54:49 serverb kernel: ACPI: PCI: Interrupt link LNKG configured for IRQ 11
Feb 20 13:54:49 serverb kernel: ACPI: PCI: Interrupt link LNKH configured for IRQ 11
Feb 20 13:54:49 serverb kernel: ACPI: PCI: Interrupt link GSIA configured for IRQ 16
Feb 20 13:54:49 serverb kernel: ACPI: PCI: Interrupt link GSIB configured for IRQ 17
Feb 20 13:54:49 serverb kernel: ACPI: PCI: Interrupt link GSIC configured for IRQ 18
Feb 20 13:54:49 serverb kernel: ACPI: PCI: Interrupt link GSID configured for IRQ 19
Feb 20 13:54:49 serverb kernel: ACPI: PCI: Interrupt link GSIE configured for IRQ 20
Feb 20 13:54:49 serverb kernel: ACPI: PCI: Interrupt link GSIF configured for IRQ 21
Feb 20 13:54:49 serverb kernel: ACPI: PCI: Interrupt link GSIG configured for IRQ 22
Feb 20 13:54:49 serverb kernel: ACPI: PCI: Interrupt link GSIH configured for IRQ 23
Feb 20 13:54:49 serverb kernel: iommu: Default domain type: Translated 
Feb 20 13:54:49 serverb kernel: iommu: DMA domain TLB invalidation policy: lazy mode 
Feb 20 13:54:49 serverb kernel: pci 0000:00:02.0: vgaarb: setting as boot VGA device
Feb 20 13:54:49 serverb kernel: pci 0000:00:02.0: vgaarb: VGA device added: decodes=io+mem,owns=io+mem,locks=none
Feb 20 13:54:49 serverb kernel: pci 0000:00:02.0: vgaarb: bridge control possible
Feb 20 13:54:49 serverb kernel: vgaarb: loaded
Feb 20 13:54:49 serverb kernel: SCSI subsystem initialized
Feb 20 13:54:49 serverb kernel: ACPI: bus type USB registered
Feb 20 13:54:49 serverb kernel: usbcore: registered new interface driver usbfs
Feb 20 13:54:49 serverb kernel: usbcore: registered new interface driver hub
Feb 20 13:54:49 serverb kernel: usbcore: registered new device driver usb
Feb 20 13:54:49 serverb kernel: pps_core: LinuxPPS API ver. 1 registered
Feb 20 13:54:49 serverb kernel: pps_core: Software ver. 5.3.6 - Copyright 2005-2007 Rodolfo Giometti <giometti@linux.it>
Feb 20 13:54:49 serverb kernel: PTP clock support registered
Feb 20 13:54:49 serverb kernel: EDAC MC: Ver: 3.0.0
Feb 20 13:54:49 serverb kernel: NetLabel: Initializing
Feb 20 13:54:49 serverb kernel: NetLabel:  domain hash size = 128
Feb 20 13:54:49 serverb kernel: NetLabel:  protocols = UNLABELED CIPSOv4 CALIPSO
Feb 20 13:54:49 serverb kernel: NetLabel:  unlabeled traffic allowed by default
Feb 20 13:54:49 serverb kernel: PCI: Using ACPI for IRQ routing
Feb 20 13:54:49 serverb kernel: clocksource: Switched to clocksource kvm-clock
Feb 20 13:54:49 serverb kernel: VFS: Disk quotas dquot_6.6.0
Feb 20 13:54:49 serverb kernel: VFS: Dquot-cache hash table entries: 512 (order 0, 4096 bytes)
Feb 20 13:54:49 serverb kernel: pnp: PnP ACPI init
Feb 20 13:54:49 serverb kernel: system 00:04: [mem 0xb0000000-0xbfffffff window] has been reserved
Feb 20 13:54:49 serverb kernel: pnp: PnP ACPI: found 5 devices
Feb 20 13:54:49 serverb kernel: clocksource: acpi_pm: mask: 0xffffff max_cycles: 0xffffff, max_idle_ns: 2085701024 ns
Feb 20 13:54:49 serverb kernel: NET: Registered PF_INET protocol family
Feb 20 13:54:49 serverb kernel: IP idents hash table entries: 16384 (order: 5, 131072 bytes, linear)
Feb 20 13:54:49 serverb kernel: tcp_listen_portaddr_hash hash table entries: 512 (order: 1, 8192 bytes, linear)
Feb 20 13:54:49 serverb kernel: TCP established hash table entries: 8192 (order: 4, 65536 bytes, linear)
Feb 20 13:54:49 serverb kernel: TCP bind hash table entries: 8192 (order: 5, 131072 bytes, linear)
Feb 20 13:54:49 serverb kernel: TCP: Hash tables configured (established 8192 bind 8192)
Feb 20 13:54:49 serverb kernel: MPTCP token hash table entries: 1024 (order: 2, 24576 bytes, linear)
Feb 20 13:54:49 serverb kernel: UDP hash table entries: 512 (order: 2, 16384 bytes, linear)
Feb 20 13:54:49 serverb kernel: UDP-Lite hash table entries: 512 (order: 2, 16384 bytes, linear)
Feb 20 13:54:49 serverb kernel: NET: Registered PF_UNIX/PF_LOCAL protocol family
Feb 20 13:54:49 serverb kernel: NET: Registered PF_XDP protocol family
Feb 20 13:54:49 serverb kernel: pci 0000:00:01.0: bridge window [io  0x1000-0x0fff] to [bus 01] add_size 1000
Feb 20 13:54:49 serverb kernel: pci 0000:00:01.1: bridge window [io  0x1000-0x0fff] to [bus 02] add_size 1000
Feb 20 13:54:49 serverb kernel: pci 0000:00:01.2: bridge window [io  0x1000-0x0fff] to [bus 03] add_size 1000
Feb 20 13:54:49 serverb kernel: pci 0000:00:01.3: bridge window [io  0x1000-0x0fff] to [bus 04] add_size 1000
Feb 20 13:54:49 serverb kernel: pci 0000:00:01.4: bridge window [io  0x1000-0x0fff] to [bus 05] add_size 1000
Feb 20 13:54:49 serverb kernel: pci 0000:00:01.5: bridge window [io  0x1000-0x0fff] to [bus 06] add_size 1000
Feb 20 13:54:49 serverb kernel: pci 0000:00:01.6: bridge window [io  0x1000-0x0fff] to [bus 07] add_size 1000
Feb 20 13:54:49 serverb kernel: pci 0000:00:01.0: BAR 13: assigned [io  0x1000-0x1fff]
Feb 20 13:54:49 serverb kernel: pci 0000:00:01.1: BAR 13: assigned [io  0x2000-0x2fff]
Feb 20 13:54:49 serverb kernel: pci 0000:00:01.2: BAR 13: assigned [io  0x3000-0x3fff]
Feb 20 13:54:49 serverb kernel: pci 0000:00:01.3: BAR 13: assigned [io  0x4000-0x4fff]
Feb 20 13:54:49 serverb kernel: pci 0000:00:01.4: BAR 13: assigned [io  0x5000-0x5fff]
Feb 20 13:54:49 serverb kernel: pci 0000:00:01.5: BAR 13: assigned [io  0x6000-0x6fff]
Feb 20 13:54:49 serverb kernel: pci 0000:00:01.6: BAR 13: assigned [io  0x7000-0x7fff]
Feb 20 13:54:49 serverb kernel: pci 0000:00:01.0: PCI bridge to [bus 01]
Feb 20 13:54:49 serverb kernel: pci 0000:00:01.0:   bridge window [io  0x1000-0x1fff]
Feb 20 13:54:49 serverb kernel: pci 0000:00:01.0:   bridge window [mem 0xfe800000-0xfe9fffff]
Feb 20 13:54:49 serverb kernel: pci 0000:00:01.0:   bridge window [mem 0xfd400000-0xfd5fffff 64bit pref]
Feb 20 13:54:49 serverb kernel: pci 0000:00:01.1: PCI bridge to [bus 02]
Feb 20 13:54:49 serverb kernel: pci 0000:00:01.1:   bridge window [io  0x2000-0x2fff]
Feb 20 13:54:49 serverb kernel: pci 0000:00:01.1:   bridge window [mem 0xfe600000-0xfe7fffff]
Feb 20 13:54:49 serverb kernel: pci 0000:00:01.1:   bridge window [mem 0xfd200000-0xfd3fffff 64bit pref]
Feb 20 13:54:49 serverb kernel: pci 0000:00:01.2: PCI bridge to [bus 03]
Feb 20 13:54:49 serverb kernel: pci 0000:00:01.2:   bridge window [io  0x3000-0x3fff]
Feb 20 13:54:49 serverb kernel: pci 0000:00:01.2:   bridge window [mem 0xfe400000-0xfe5fffff]
Feb 20 13:54:49 serverb kernel: pci 0000:00:01.2:   bridge window [mem 0xfd000000-0xfd1fffff 64bit pref]
Feb 20 13:54:49 serverb kernel: pci 0000:00:01.3: PCI bridge to [bus 04]
Feb 20 13:54:49 serverb kernel: pci 0000:00:01.3:   bridge window [io  0x4000-0x4fff]
Feb 20 13:54:49 serverb kernel: pci 0000:00:01.3:   bridge window [mem 0xfe200000-0xfe3fffff]
Feb 20 13:54:49 serverb kernel: pci 0000:00:01.3:   bridge window [mem 0xfce00000-0xfcffffff 64bit pref]
Feb 20 13:54:49 serverb kernel: pci 0000:00:01.4: PCI bridge to [bus 05]
Feb 20 13:54:49 serverb kernel: pci 0000:00:01.4:   bridge window [io  0x5000-0x5fff]
Feb 20 13:54:49 serverb kernel: pci 0000:00:01.4:   bridge window [mem 0xfe000000-0xfe1fffff]
Feb 20 13:54:49 serverb kernel: pci 0000:00:01.4:   bridge window [mem 0xfcc00000-0xfcdfffff 64bit pref]
Feb 20 13:54:49 serverb kernel: pci 0000:00:01.5: PCI bridge to [bus 06]
Feb 20 13:54:49 serverb kernel: pci 0000:00:01.5:   bridge window [io  0x6000-0x6fff]
Feb 20 13:54:49 serverb kernel: pci 0000:00:01.5:   bridge window [mem 0xfde00000-0xfdffffff]
Feb 20 13:54:49 serverb kernel: pci 0000:00:01.5:   bridge window [mem 0xfca00000-0xfcbfffff 64bit pref]
Feb 20 13:54:49 serverb kernel: pci 0000:00:01.6: PCI bridge to [bus 07]
Feb 20 13:54:49 serverb kernel: pci 0000:00:01.6:   bridge window [io  0x7000-0x7fff]
Feb 20 13:54:49 serverb kernel: pci 0000:00:01.6:   bridge window [mem 0xfdc00000-0xfddfffff]
Feb 20 13:54:49 serverb kernel: pci 0000:00:01.6:   bridge window [mem 0xfc800000-0xfc9fffff 64bit pref]
Feb 20 13:54:49 serverb kernel: pci_bus 0000:00: resource 4 [io  0x0000-0x0cf7 window]
Feb 20 13:54:49 serverb kernel: pci_bus 0000:00: resource 5 [io  0x0d00-0xffff window]
Feb 20 13:54:49 serverb kernel: pci_bus 0000:00: resource 6 [mem 0x000a0000-0x000bffff window]
Feb 20 13:54:49 serverb kernel: pci_bus 0000:00: resource 7 [mem 0x40000000-0xafffffff window]
Feb 20 13:54:49 serverb kernel: pci_bus 0000:00: resource 8 [mem 0xc0000000-0xfebfffff window]
Feb 20 13:54:49 serverb kernel: pci_bus 0000:00: resource 9 [mem 0x100000000-0x8ffffffff window]
Feb 20 13:54:49 serverb kernel: pci_bus 0000:01: resource 0 [io  0x1000-0x1fff]
Feb 20 13:54:49 serverb kernel: pci_bus 0000:01: resource 1 [mem 0xfe800000-0xfe9fffff]
Feb 20 13:54:49 serverb kernel: pci_bus 0000:01: resource 2 [mem 0xfd400000-0xfd5fffff 64bit pref]
Feb 20 13:54:49 serverb kernel: pci_bus 0000:02: resource 0 [io  0x2000-0x2fff]
Feb 20 13:54:49 serverb kernel: pci_bus 0000:02: resource 1 [mem 0xfe600000-0xfe7fffff]
Feb 20 13:54:49 serverb kernel: pci_bus 0000:02: resource 2 [mem 0xfd200000-0xfd3fffff 64bit pref]
Feb 20 13:54:49 serverb kernel: pci_bus 0000:03: resource 0 [io  0x3000-0x3fff]
Feb 20 13:54:49 serverb kernel: pci_bus 0000:03: resource 1 [mem 0xfe400000-0xfe5fffff]
Feb 20 13:54:49 serverb kernel: pci_bus 0000:03: resource 2 [mem 0xfd000000-0xfd1fffff 64bit pref]
Feb 20 13:54:49 serverb kernel: pci_bus 0000:04: resource 0 [io  0x4000-0x4fff]
Feb 20 13:54:49 serverb kernel: pci_bus 0000:04: resource 1 [mem 0xfe200000-0xfe3fffff]
Feb 20 13:54:49 serverb kernel: pci_bus 0000:04: resource 2 [mem 0xfce00000-0xfcffffff 64bit pref]
Feb 20 13:54:49 serverb kernel: pci_bus 0000:05: resource 0 [io  0x5000-0x5fff]
Feb 20 13:54:49 serverb kernel: pci_bus 0000:05: resource 1 [mem 0xfe000000-0xfe1fffff]
Feb 20 13:54:49 serverb kernel: pci_bus 0000:05: resource 2 [mem 0xfcc00000-0xfcdfffff 64bit pref]
Feb 20 13:54:49 serverb kernel: pci_bus 0000:06: resource 0 [io  0x6000-0x6fff]
Feb 20 13:54:49 serverb kernel: pci_bus 0000:06: resource 1 [mem 0xfde00000-0xfdffffff]
Feb 20 13:54:49 serverb kernel: pci_bus 0000:06: resource 2 [mem 0xfca00000-0xfcbfffff 64bit pref]
Feb 20 13:54:49 serverb kernel: pci_bus 0000:07: resource 0 [io  0x7000-0x7fff]
Feb 20 13:54:49 serverb kernel: pci_bus 0000:07: resource 1 [mem 0xfdc00000-0xfddfffff]
Feb 20 13:54:49 serverb kernel: pci_bus 0000:07: resource 2 [mem 0xfc800000-0xfc9fffff 64bit pref]
Feb 20 13:54:49 serverb kernel: pci 0000:00:02.0: Video device with shadowed ROM at [mem 0x000c0000-0x000dffff]
Feb 20 13:54:49 serverb kernel: pci 0000:00:02.0: pci_fixup_video+0x0/0xe0 took 222637 usecs
Feb 20 13:54:49 serverb kernel: ACPI: \_SB_.GSIF: Enabled at IRQ 21
Feb 20 13:54:49 serverb kernel: pci 0000:03:00.0: quirk_usb_early_handoff+0x0/0x140 took 223755 usecs
Feb 20 13:54:49 serverb kernel: PCI: CLS 0 bytes, default 64
Feb 20 13:54:49 serverb kernel: ACPI: bus type thunderbolt registered
Feb 20 13:54:49 serverb kernel: clocksource: tsc: mask: 0xffffffffffffffff max_cycles: 0x2b2c9c6f804, max_idle_ns: 440795283378 ns
Feb 20 13:54:49 serverb kernel: Trying to unpack rootfs image as initramfs...
Feb 20 13:54:49 serverb kernel: Freeing initrd memory: 81620K
Feb 20 13:54:49 serverb kernel: Initialise system trusted keyrings
Feb 20 13:54:49 serverb kernel: Key type blacklist registered
Feb 20 13:54:49 serverb kernel: workingset: timestamp_bits=36 max_order=18 bucket_order=0
Feb 20 13:54:49 serverb kernel: zbud: loaded
Feb 20 13:54:49 serverb kernel: integrity: Platform Keyring initialized
Feb 20 13:54:49 serverb kernel: NET: Registered PF_ALG protocol family
Feb 20 13:54:49 serverb kernel: Key type asymmetric registered
Feb 20 13:54:49 serverb kernel: Asymmetric key parser 'x509' registered
Feb 20 13:54:49 serverb kernel: Block layer SCSI generic (bsg) driver version 0.4 loaded (major 246)
Feb 20 13:54:49 serverb kernel: io scheduler mq-deadline registered
Feb 20 13:54:49 serverb kernel: io scheduler kyber registered
Feb 20 13:54:49 serverb kernel: io scheduler bfq registered
Feb 20 13:54:49 serverb kernel: atomic64_test: passed for x86-64 platform with CX8 and with SSE
Feb 20 13:54:49 serverb kernel: pcieport 0000:00:01.0: PME: Signaling with IRQ 24
Feb 20 13:54:49 serverb kernel: pcieport 0000:00:01.0: AER: enabled with IRQ 24
Feb 20 13:54:49 serverb kernel: pcieport 0000:00:01.1: PME: Signaling with IRQ 25
Feb 20 13:54:49 serverb kernel: pcieport 0000:00:01.1: AER: enabled with IRQ 25
Feb 20 13:54:49 serverb kernel: pcieport 0000:00:01.2: PME: Signaling with IRQ 26
Feb 20 13:54:49 serverb kernel: pcieport 0000:00:01.2: AER: enabled with IRQ 26
Feb 20 13:54:49 serverb kernel: pcieport 0000:00:01.3: PME: Signaling with IRQ 27
Feb 20 13:54:49 serverb kernel: pcieport 0000:00:01.3: AER: enabled with IRQ 27
Feb 20 13:54:49 serverb kernel: pcieport 0000:00:01.4: PME: Signaling with IRQ 28
Feb 20 13:54:49 serverb kernel: pcieport 0000:00:01.4: AER: enabled with IRQ 28
Feb 20 13:54:49 serverb kernel: pcieport 0000:00:01.5: PME: Signaling with IRQ 29
Feb 20 13:54:49 serverb kernel: pcieport 0000:00:01.5: AER: enabled with IRQ 29
Feb 20 13:54:49 serverb kernel: pcieport 0000:00:01.6: PME: Signaling with IRQ 30
Feb 20 13:54:49 serverb kernel: pcieport 0000:00:01.6: AER: enabled with IRQ 30
Feb 20 13:54:49 serverb kernel: shpchp: Standard Hot Plug PCI Controller Driver version: 0.4
Feb 20 13:54:49 serverb kernel: input: Power Button as /devices/LNXSYSTM:00/LNXPWRBN:00/input/input0
Feb 20 13:54:49 serverb kernel: ACPI: button: Power Button [PWRF]
Feb 20 13:54:49 serverb kernel: ACPI: \_SB_.GSIG: Enabled at IRQ 22
Feb 20 13:54:49 serverb kernel: Serial: 8250/16550 driver, 4 ports, IRQ sharing enabled
Feb 20 13:54:49 serverb kernel: 00:00: ttyS0 at I/O 0x3f8 (irq = 4, base_baud = 115200) is a 16550A
Feb 20 13:54:49 serverb kernel: Non-volatile memory driver v1.3
Feb 20 13:54:49 serverb kernel: rdac: device handler registered
Feb 20 13:54:49 serverb kernel: hp_sw: device handler registered
Feb 20 13:54:49 serverb kernel: emc: device handler registered
Feb 20 13:54:49 serverb kernel: alua: device handler registered
Feb 20 13:54:49 serverb kernel: libphy: Fixed MDIO Bus: probed
Feb 20 13:54:49 serverb kernel: ehci_hcd: USB 2.0 'Enhanced' Host Controller (EHCI) Driver
Feb 20 13:54:49 serverb kernel: ehci-pci: EHCI PCI platform driver
Feb 20 13:54:49 serverb kernel: ohci_hcd: USB 1.1 'Open' Host Controller (OHCI) Driver
Feb 20 13:54:49 serverb kernel: ohci-pci: OHCI PCI platform driver
Feb 20 13:54:49 serverb kernel: uhci_hcd: USB Universal Host Controller Interface driver
Feb 20 13:54:49 serverb kernel: xhci_hcd 0000:03:00.0: xHCI Host Controller
Feb 20 13:54:49 serverb kernel: xhci_hcd 0000:03:00.0: new USB bus registered, assigned bus number 1
Feb 20 13:54:49 serverb kernel: xhci_hcd 0000:03:00.0: hcc params 0x00087001 hci version 0x100 quirks 0x0000000000000010
Feb 20 13:54:49 serverb kernel: usb usb1: New USB device found, idVendor=1d6b, idProduct=0002, bcdDevice= 5.14
Feb 20 13:54:49 serverb kernel: usb usb1: New USB device strings: Mfr=3, Product=2, SerialNumber=1
Feb 20 13:54:49 serverb kernel: usb usb1: Product: xHCI Host Controller
Feb 20 13:54:49 serverb kernel: usb usb1: Manufacturer: Linux 5.14.0-70.13.1.el9_0.x86_64 xhci-hcd
Feb 20 13:54:49 serverb kernel: usb usb1: SerialNumber: 0000:03:00.0
Feb 20 13:54:49 serverb kernel: hub 1-0:1.0: USB hub found
Feb 20 13:54:49 serverb kernel: hub 1-0:1.0: 4 ports detected
Feb 20 13:54:49 serverb kernel: xhci_hcd 0000:03:00.0: xHCI Host Controller
Feb 20 13:54:49 serverb kernel: xhci_hcd 0000:03:00.0: new USB bus registered, assigned bus number 2
Feb 20 13:54:49 serverb kernel: xhci_hcd 0000:03:00.0: Host supports USB 3.0 SuperSpeed
Feb 20 13:54:49 serverb kernel: usb usb2: We don't know the algorithms for LPM for this host, disabling LPM.
Feb 20 13:54:49 serverb kernel: usb usb2: New USB device found, idVendor=1d6b, idProduct=0003, bcdDevice= 5.14
Feb 20 13:54:49 serverb kernel: usb usb2: New USB device strings: Mfr=3, Product=2, SerialNumber=1
Feb 20 13:54:49 serverb kernel: usb usb2: Product: xHCI Host Controller
Feb 20 13:54:49 serverb kernel: usb usb2: Manufacturer: Linux 5.14.0-70.13.1.el9_0.x86_64 xhci-hcd
Feb 20 13:54:49 serverb kernel: usb usb2: SerialNumber: 0000:03:00.0
Feb 20 13:54:49 serverb kernel: hub 2-0:1.0: USB hub found
Feb 20 13:54:49 serverb kernel: hub 2-0:1.0: 4 ports detected
Feb 20 13:54:49 serverb kernel: usbcore: registered new interface driver usbserial_generic
Feb 20 13:54:49 serverb kernel: usbserial: USB Serial support registered for generic
Feb 20 13:54:49 serverb kernel: i8042: PNP: PS/2 Controller [PNP0303:KBD,PNP0f13:MOU] at 0x60,0x64 irq 1,12
Feb 20 13:54:49 serverb kernel: serio: i8042 KBD port at 0x60,0x64 irq 1
Feb 20 13:54:49 serverb kernel: serio: i8042 AUX port at 0x60,0x64 irq 12
Feb 20 13:54:49 serverb kernel: mousedev: PS/2 mouse device common for all mice
Feb 20 13:54:49 serverb kernel: rtc_cmos 00:03: RTC can wake from S4
Feb 20 13:54:49 serverb kernel: input: AT Translated Set 2 keyboard as /devices/platform/i8042/serio0/input/input1
Feb 20 13:54:49 serverb kernel: input: VirtualPS/2 VMware VMMouse as /devices/platform/i8042/serio1/input/input4
Feb 20 13:54:49 serverb kernel: rtc_cmos 00:03: registered as rtc0
Feb 20 13:54:49 serverb kernel: rtc_cmos 00:03: setting system clock to 2024-02-20T18:54:30 UTC (1708455270)
Feb 20 13:54:49 serverb kernel: rtc_cmos 00:03: alarms up to one day, y3k, 242 bytes nvram
Feb 20 13:54:49 serverb kernel: intel_pstate: CPU model not supported
Feb 20 13:54:49 serverb kernel: hid: raw HID events driver (C) Jiri Kosina
Feb 20 13:54:49 serverb kernel: usbcore: registered new interface driver usbhid
Feb 20 13:54:49 serverb kernel: usbhid: USB HID core driver
Feb 20 13:54:49 serverb kernel: drop_monitor: Initializing network drop monitor service
Feb 20 13:54:49 serverb kernel: Initializing XFRM netlink socket
Feb 20 13:54:49 serverb kernel: NET: Registered PF_INET6 protocol family
Feb 20 13:54:49 serverb kernel: input: VirtualPS/2 VMware VMMouse as /devices/platform/i8042/serio1/input/input3
Feb 20 13:54:49 serverb kernel: Segment Routing with IPv6
Feb 20 13:54:49 serverb kernel: NET: Registered PF_PACKET protocol family
Feb 20 13:54:49 serverb kernel: mpls_gso: MPLS GSO support
Feb 20 13:54:49 serverb kernel: IPI shorthand broadcast: enabled
Feb 20 13:54:49 serverb kernel: AVX2 version of gcm_enc/dec engaged.
Feb 20 13:54:49 serverb kernel: AES CTR mode by8 optimization enabled
Feb 20 13:54:49 serverb kernel: sched_clock: Marking stable (74026965734, 18739994055)->(154627679348, -61860719559)
Feb 20 13:54:49 serverb kernel: registered taskstats version 1
Feb 20 13:54:49 serverb kernel: Loading compiled-in X.509 certificates
Feb 20 13:54:49 serverb kernel: Loaded X.509 cert 'Red Hat Enterprise Linux kernel signing key: 4a42bf06d7f543339f9a48b8a4aeebd6448623d0'
Feb 20 13:54:49 serverb kernel: Loaded X.509 cert 'Red Hat Enterprise Linux Driver Update Program (key 3): bf57f3e87362bc7229d9f465321773dfd1f77a80'
Feb 20 13:54:49 serverb kernel: Loaded X.509 cert 'Red Hat Enterprise Linux kpatch signing key: 4d38fd864ebe18c5f0b72e3852e2014c3a676fc8'
Feb 20 13:54:49 serverb kernel: zswap: loaded using pool lzo/zbud
Feb 20 13:54:49 serverb kernel: page_owner is disabled
Feb 20 13:54:49 serverb kernel: Key type big_key registered
Feb 20 13:54:49 serverb kernel: Key type encrypted registered
Feb 20 13:54:49 serverb kernel: ima: No TPM chip found, activating TPM-bypass!
Feb 20 13:54:49 serverb kernel: Loading compiled-in module X.509 certificates
Feb 20 13:54:49 serverb kernel: Loaded X.509 cert 'Red Hat Enterprise Linux kernel signing key: 4a42bf06d7f543339f9a48b8a4aeebd6448623d0'
Feb 20 13:54:49 serverb kernel: ima: Allocated hash algorithm: sha256
Feb 20 13:54:49 serverb kernel: ima: No architecture policies found
Feb 20 13:54:49 serverb kernel: evm: Initialising EVM extended attributes:
Feb 20 13:54:49 serverb kernel: evm: security.selinux
Feb 20 13:54:49 serverb kernel: evm: security.SMACK64 (disabled)
Feb 20 13:54:49 serverb kernel: evm: security.SMACK64EXEC (disabled)
Feb 20 13:54:49 serverb kernel: evm: security.SMACK64TRANSMUTE (disabled)
Feb 20 13:54:49 serverb kernel: evm: security.SMACK64MMAP (disabled)
Feb 20 13:54:49 serverb kernel: evm: security.apparmor (disabled)
Feb 20 13:54:49 serverb kernel: evm: security.ima
Feb 20 13:54:49 serverb kernel: evm: security.capability
Feb 20 13:54:49 serverb kernel: evm: HMAC attrs: 0x1
Feb 20 13:54:49 serverb kernel: Freeing unused decrypted memory: 2036K
Feb 20 13:54:49 serverb kernel: Freeing unused kernel image (initmem) memory: 2548K
Feb 20 13:54:49 serverb kernel: Write protecting the kernel read-only data: 26624k
Feb 20 13:54:49 serverb kernel: Freeing unused kernel image (text/rodata gap) memory: 2036K
Feb 20 13:54:49 serverb kernel: Freeing unused kernel image (rodata/data gap) memory: 1188K
Feb 20 13:54:49 serverb kernel: x86/mm: Checked W+X mappings: passed, no W+X pages found.
Feb 20 13:54:49 serverb kernel: Run /init as init process
Feb 20 13:54:49 serverb systemd[1]: systemd 250-6.el9_0 running in system mode (+PAM +AUDIT +SELINUX -APPARMOR +IMA +SMACK +SECCOMP +GCRYPT +GNUTLS +OPENSSL +ACL +BLKID +CURL +ELFUTILS -FIDO2 +IDN2 -IDN -IPTC +KMOD +LIBCRYPTSETUP +LIBFDISK +PCRE2 -PWQUALITY +P11KIT -QRENCODE +BZIP2 +LZ4 +XZ +ZLIB +ZSTD -BPF_FRAMEWORK +XKBCOMMON +UTMP +SYSVINIT default-hierarchy=unified)
Feb 20 13:54:49 serverb systemd[1]: Detected virtualization kvm.
Feb 20 13:54:49 serverb systemd[1]: Detected architecture x86-64.
Feb 20 13:54:49 serverb systemd[1]: Running in initial RAM disk.
Feb 20 13:54:49 serverb systemd[1]: No hostname configured, using default hostname.
Feb 20 13:54:49 serverb systemd[1]: Hostname set to <localhost>.
Feb 20 13:54:49 serverb systemd[1]: Initializing machine ID from VM UUID.
Feb 20 13:54:49 serverb systemd[1]: Queued start job for default target Initrd Default Target.
Feb 20 13:54:49 serverb systemd[1]: Reached target Initrd /usr File System.
Feb 20 13:54:49 serverb systemd[1]: Reached target Local File Systems.
Feb 20 13:54:49 serverb systemd[1]: Reached target Slice Units.
Feb 20 13:54:49 serverb systemd[1]: Reached target Swaps.
Feb 20 13:54:49 serverb systemd[1]: Reached target Timer Units.
Feb 20 13:54:49 serverb systemd[1]: Listening on D-Bus System Message Bus Socket.
Feb 20 13:54:49 serverb systemd[1]: Listening on Journal Socket (/dev/log).
Feb 20 13:54:49 serverb systemd[1]: Listening on Journal Socket.
Feb 20 13:54:49 serverb systemd[1]: Listening on udev Control Socket.
Feb 20 13:54:49 serverb systemd[1]: Listening on udev Kernel Socket.
Feb 20 13:54:49 serverb systemd[1]: Reached target Socket Units.
Feb 20 13:54:49 serverb systemd[1]: Starting Create List of Static Device Nodes...
Feb 20 13:54:49 serverb systemd[1]: Starting Journal Service...
Feb 20 13:54:49 serverb systemd[1]: Starting Load Kernel Modules...
Feb 20 13:54:49 serverb systemd[1]: Create System Users was skipped because of a failed condition check (ConditionNeedsUpdate=/etc).
Feb 20 13:54:49 serverb systemd[1]: Starting Setup Virtual Console...
Feb 20 13:54:49 serverb systemd-journald[232]: Journal started
Feb 20 13:54:49 serverb systemd-journald[232]: Runtime Journal (/run/log/journal/fcac8123afee41d1b7f0ba7cf23bdb16) is 2.4M, max 19.2M, 16.8M free.
Feb 20 13:54:49 serverb systemd[1]: Started Journal Service.
Feb 20 13:54:49 serverb kernel: IPMI message handler: version 39.2
Feb 20 13:54:49 serverb kernel: ipmi device interface
Feb 20 13:54:49 serverb systemd[1]: Starting Create Volatile Files and Directories...
Feb 20 13:54:49 serverb systemd-modules-load[233]: Module 'msr' is built in
Feb 20 13:54:49 serverb systemd-modules-load[233]: Inserted module 'ipmi_devintf'
Feb 20 13:54:49 serverb systemd[1]: Finished Load Kernel Modules.
Feb 20 13:54:49 serverb systemd[1]: Finished Setup Virtual Console.
Feb 20 13:54:49 serverb systemd[1]: dracut ask for additional cmdline parameters was skipped because all trigger condition checks failed.
Feb 20 13:54:49 serverb systemd[1]: Starting dracut cmdline hook...
Feb 20 13:54:49 serverb systemd[1]: Starting Apply Kernel Variables...
Feb 20 13:54:49 serverb systemd[1]: Finished Create List of Static Device Nodes.
Feb 20 13:54:49 serverb systemd[1]: Finished Create Volatile Files and Directories.
Feb 20 13:54:49 serverb systemd[1]: Starting Create Static Device Nodes in /dev...
Feb 20 13:54:49 serverb systemd[1]: Finished Apply Kernel Variables.
Feb 20 13:54:49 serverb systemd[1]: Finished Create Static Device Nodes in /dev.
Feb 20 13:54:49 serverb dracut-cmdline[236]: dracut-9.0 (Plow) dracut-055-45.git20220404.el9_0
Feb 20 13:54:49 serverb dracut-cmdline[236]: Using kernel command line parameters:    BOOT_IMAGE=(hd0,gpt3)/vmlinuz-5.14.0-70.13.1.el9_0.x86_64 root=UUID=fb535add-9799-4a27-b8bc-e8259f39a767 console=tty0 console=ttyS0,115200n8 no_timer_check net.ifnames=0 crashkernel=1G-4G:192M,4G-64G:256M,64G-:512M
Feb 20 13:54:49 serverb systemd[1]: Finished dracut cmdline hook.
Feb 20 13:54:49 serverb systemd[1]: Starting dracut pre-udev hook...
Feb 20 13:54:49 serverb kernel: device-mapper: core: CONFIG_IMA_DISABLE_HTABLE is disabled. Duplicate IMA measurements will not be recorded in the IMA log.
Feb 20 13:54:49 serverb kernel: device-mapper: uevent: version 1.0.3
Feb 20 13:54:49 serverb kernel: device-mapper: ioctl: 4.45.0-ioctl (2021-03-22) initialised: dm-devel@redhat.com
Feb 20 13:54:49 serverb kernel: RPC: Registered named UNIX socket transport module.
Feb 20 13:54:49 serverb kernel: RPC: Registered udp transport module.
Feb 20 13:54:49 serverb kernel: RPC: Registered tcp transport module.
Feb 20 13:54:49 serverb kernel: RPC: Registered tcp NFSv4.1 backchannel transport module.
Feb 20 13:54:49 serverb rpc.statd[379]: Version 2.5.4 starting
Feb 20 13:54:49 serverb rpc.statd[379]: Initializing NSM state
Feb 20 13:54:49 serverb rpc.idmapd[384]: Setting log level to 0
Feb 20 13:54:49 serverb systemd[1]: Finished dracut pre-udev hook.
Feb 20 13:54:49 serverb systemd[1]: Starting Rule-based Manager for Device Events and Files...
Feb 20 13:54:49 serverb systemd-udevd[397]: Network interface NamePolicy= disabled on kernel command line, ignoring.
Feb 20 13:54:49 serverb systemd[1]: Started Rule-based Manager for Device Events and Files.
Feb 20 13:54:49 serverb systemd[1]: Starting dracut pre-trigger hook...
Feb 20 13:54:49 serverb dracut-pre-trigger[408]: rd.md=0: removing MD RAID activation
Feb 20 13:54:49 serverb systemd[1]: Finished dracut pre-trigger hook.
Feb 20 13:54:49 serverb systemd[1]: Starting Coldplug All udev Devices...
Feb 20 13:54:49 serverb systemd-udevd[397]: Network interface NamePolicy= disabled on kernel command line, ignoring.
Feb 20 13:54:49 serverb systemd[1]: Finished Coldplug All udev Devices.
Feb 20 13:54:49 serverb systemd[1]: nm-initrd.service was skipped because of a failed condition check (ConditionPathExists=/run/NetworkManager/initrd/neednet).
Feb 20 13:54:49 serverb systemd[1]: nm-wait-online-initrd.service was skipped because of a failed condition check (ConditionPathExists=/run/NetworkManager/initrd/neednet).
Feb 20 13:54:49 serverb systemd[1]: Starting dracut initqueue hook...
Feb 20 13:54:49 serverb systemd[1]: Starting Show Plymouth Boot Screen...
Feb 20 13:54:49 serverb kernel: [drm] pci: virtio-vga detected at 0000:00:02.0
Feb 20 13:54:49 serverb kernel: virtio-pci 0000:00:02.0: vgaarb: deactivate vga console
Feb 20 13:54:49 serverb kernel: Console: switching to colour dummy device 80x25
Feb 20 13:54:49 serverb kernel: [drm] features: -virgl +edid -resource_blob -host_visible
Feb 20 13:54:49 serverb kernel: [drm] number of scanouts: 1
Feb 20 13:54:49 serverb kernel: [drm] number of cap sets: 0
Feb 20 13:54:49 serverb kernel: virtio_blk virtio3: [vda] 20971520 512-byte logical blocks (10.7 GB/10.0 GiB)
Feb 20 13:54:49 serverb systemd-udevd[442]: Using default interface naming scheme 'rhel-9.0'.
Feb 20 13:54:49 serverb systemd-udevd[443]: Using default interface naming scheme 'rhel-9.0'.
Feb 20 13:54:49 serverb systemd[1]: Received SIGRTMIN+20 from PID 459 (plymouthd).
Feb 20 13:54:49 serverb kernel: [drm] Initialized virtio_gpu 0.1.0 0 for virtio0 on minor 0
